16:47:25 **** Incremental Build of configuration Debug for project minized_flir ****
make pre-build main-build 
a9-linaro-pre-build-step
' '
make: Nothing to be done for `main-build'.
16:47:37 **** Incremental Build of configuration Debug for project minized_flir ****
make pre-build main-build 
a9-linaro-pre-build-step
' '
make: Nothing to be done for `main-build'.
16:48:55 **** Incremental Build of configuration Debug for project minized_flir ****
make pre-build main-build 
a9-linaro-pre-build-step
' '
'Building file: ../src/helloworld.c'
'Invoking: ARM v7 gcc compiler'
arm-none-eabi-gcc -Wall -O0 -g3 -c -fmessage-length=0 -MT"src/helloworld.o" -mcpu=cortex-a9 -mfpu=vfpv3 -mfloat-abi=hard -I../../standalone_bsp_0/ps7_cortexa9_0/include -MMD -MP -MF"src/helloworld.d" -MT"src/helloworld.o" -o "src/helloworld.o" "../src/helloworld.c"
../src/helloworld.c: In function 'main':
../src/helloworld.c:146:2: error: 'status' undeclared (first use in this function)
  status = XVtc_GetDetectionStatus(&VtcInst);
  ^
../src/helloworld.c:146:2: note: each undeclared identifier is reported only once for each function it appears in
../src/helloworld.c:149:2: error: 'ptpg_config' undeclared (first use in this function)
  ptpg_config = XV_tpg_LookupConfig(XPAR_V_TPG_0_DEVICE_ID);
  ^
../src/helloworld.c:149:16: warning: implicit declaration of function 'XV_tpg_LookupConfig' [-Wimplicit-function-declaration]
  ptpg_config = XV_tpg_LookupConfig(XPAR_V_TPG_0_DEVICE_ID);
                ^
../src/helloworld.c:149:36: error: 'XPAR_V_TPG_0_DEVICE_ID' undeclared (first use in this function)
  ptpg_config = XV_tpg_LookupConfig(XPAR_V_TPG_0_DEVICE_ID);
                                    ^
../src/helloworld.c:150:2: warning: implicit declaration of function 'XV_tpg_CfgInitialize' [-Wimplicit-function-declaration]
  XV_tpg_CfgInitialize(&ptpg, ptpg_config, ptpg_config->BaseAddress);
  ^
../src/helloworld.c:150:24: error: 'ptpg' undeclared (first use in this function)
  XV_tpg_CfgInitialize(&ptpg, ptpg_config, ptpg_config->BaseAddress);
                        ^
../src/helloworld.c:92:35: warning: unused variable 'vtc_offset_init' [-Wunused-variable]
     XVtc_HoriOffsets *vtc_offset,*vtc_offset_init;
                                   ^
../src/helloworld.c:92:23: warning: unused variable 'vtc_offset' [-Wunused-variable]
     XVtc_HoriOffsets *vtc_offset,*vtc_offset_init;
                       ^
../src/helloworld.c:90:18: warning: unused variable 'vtc_signal' [-Wunused-variable]
     XVtc_Signal *vtc_signal;
                  ^
../src/helloworld.c: In function 'IicPsMasterPolledExample':
../src/helloworld.c:341:2: warning: implicit declaration of function 'usleep' [-Wimplicit-function-declaration]
  usleep(200000);
  ^
../src/helloworld.c:186:5: warning: variable 'Image' set but not used [-Wunused-but-set-variable]
  u8 Image[loop][data];
     ^
../src/helloworld.c:182:27: warning: unused variable 'iPixelAddr' [-Wunused-variable]
  int Status,i,segment,x,y,iPixelAddr;
                           ^
../src/helloworld.c:182:25: warning: unused variable 'y' [-Wunused-variable]
  int Status,i,segment,x,y,iPixelAddr;
                         ^
../src/helloworld.c:182:23: warning: unused variable 'x' [-Wunused-variable]
  int Status,i,segment,x,y,iPixelAddr;
                       ^
make: *** [src/helloworld.o] Error 1
16:49:19 **** Incremental Build of configuration Debug for project minized_flir ****
make pre-build main-build 
a9-linaro-pre-build-step
' '
'Building file: ../src/helloworld.c'
'Invoking: ARM v7 gcc compiler'
arm-none-eabi-gcc -Wall -O0 -g3 -c -fmessage-length=0 -MT"src/helloworld.o" -mcpu=cortex-a9 -mfpu=vfpv3 -mfloat-abi=hard -I../../standalone_bsp_0/ps7_cortexa9_0/include -MMD -MP -MF"src/helloworld.d" -MT"src/helloworld.o" -o "src/helloworld.o" "../src/helloworld.c"
../src/helloworld.c: In function 'main':
../src/helloworld.c:146:2: error: 'status' undeclared (first use in this function)
  status = XVtc_GetDetectionStatus(&VtcInst);
  ^
../src/helloworld.c:146:2: note: each undeclared identifier is reported only once for each function it appears in
../src/helloworld.c:92:35: warning: unused variable 'vtc_offset_init' [-Wunused-variable]
     XVtc_HoriOffsets *vtc_offset,*vtc_offset_init;
                                   ^
../src/helloworld.c:92:23: warning: unused variable 'vtc_offset' [-Wunused-variable]
     XVtc_HoriOffsets *vtc_offset,*vtc_offset_init;
                       ^
../src/helloworld.c:90:18: warning: unused variable 'vtc_signal' [-Wunused-variable]
     XVtc_Signal *vtc_signal;
                  ^
../src/helloworld.c: In function 'IicPsMasterPolledExample':
../src/helloworld.c:341:2: warning: implicit declaration of function 'usleep' [-Wimplicit-function-declaration]
  usleep(200000);
  ^
../src/helloworld.c:186:5: warning: variable 'Image' set but not used [-Wunused-but-set-variable]
  u8 Image[loop][data];
     ^
../src/helloworld.c:182:27: warning: unused variable 'iPixelAddr' [-Wunused-variable]
  int Status,i,segment,x,y,iPixelAddr;
                           ^
../src/helloworld.c:182:25: warning: unused variable 'y' [-Wunused-variable]
  int Status,i,segment,x,y,iPixelAddr;
                         ^
../src/helloworld.c:182:23: warning: unused variable 'x' [-Wunused-variable]
  int Status,i,segment,x,y,iPixelAddr;
                       ^
make: *** [src/helloworld.o] Error 1
16:49:35 **** Incremental Build of configuration Debug for project minized_flir ****
make pre-build main-build 
a9-linaro-pre-build-step
' '
'Building file: ../src/helloworld.c'
'Invoking: ARM v7 gcc compiler'
arm-none-eabi-gcc -Wall -O0 -g3 -c -fmessage-length=0 -MT"src/helloworld.o" -mcpu=cortex-a9 -mfpu=vfpv3 -mfloat-abi=hard -I../../standalone_bsp_0/ps7_cortexa9_0/include -MMD -MP -MF"src/helloworld.d" -MT"src/helloworld.o" -o "src/helloworld.o" "../src/helloworld.c"
../src/helloworld.c: In function 'main':
../src/helloworld.c:146:2: error: 'status' undeclared (first use in this function)
  status = XVtc_GetDetectionStatus(&VtcInst);
  ^
../src/helloworld.c:146:2: note: each undeclared identifier is reported only once for each function it appears in
../src/helloworld.c:92:35: warning: unused variable 'vtc_offset_init' [-Wunused-variable]
     XVtc_HoriOffsets *vtc_offset,*vtc_offset_init;
                                   ^
../src/helloworld.c:92:23: warning: unused variable 'vtc_offset' [-Wunused-variable]
     XVtc_HoriOffsets *vtc_offset,*vtc_offset_init;
                       ^
../src/helloworld.c:90:18: warning: unused variable 'vtc_signal' [-Wunused-variable]
     XVtc_Signal *vtc_signal;
                  ^
../src/helloworld.c:87:9: warning: unused variable 'Status' [-Wunused-variable]
     int Status;
         ^
../src/helloworld.c: In function 'IicPsMasterPolledExample':
../src/helloworld.c:341:2: warning: implicit declaration of function 'usleep' [-Wimplicit-function-declaration]
  usleep(200000);
  ^
../src/helloworld.c:186:5: warning: variable 'Image' set but not used [-Wunused-but-set-variable]
  u8 Image[loop][data];
     ^
../src/helloworld.c:182:27: warning: unused variable 'iPixelAddr' [-Wunused-variable]
  int Status,i,segment,x,y,iPixelAddr;
                           ^
../src/helloworld.c:182:25: warning: unused variable 'y' [-Wunused-variable]
  int Status,i,segment,x,y,iPixelAddr;
                         ^
../src/helloworld.c:182:23: warning: unused variable 'x' [-Wunused-variable]
  int Status,i,segment,x,y,iPixelAddr;
                       ^
make: *** [src/helloworld.o] Error 1
16:49:42 **** Incremental Build of configuration Debug for project minized_flir ****
make pre-build main-build 
a9-linaro-pre-build-step
' '
'Building file: ../src/helloworld.c'
'Invoking: ARM v7 gcc compiler'
arm-none-eabi-gcc -Wall -O0 -g3 -c -fmessage-length=0 -MT"src/helloworld.o" -mcpu=cortex-a9 -mfpu=vfpv3 -mfloat-abi=hard -I../../standalone_bsp_0/ps7_cortexa9_0/include -MMD -MP -MF"src/helloworld.d" -MT"src/helloworld.o" -o "src/helloworld.o" "../src/helloworld.c"
../src/helloworld.c: In function 'main':
../src/helloworld.c:92:35: warning: unused variable 'vtc_offset_init' [-Wunused-variable]
     XVtc_HoriOffsets *vtc_offset,*vtc_offset_init;
                                   ^
../src/helloworld.c:92:23: warning: unused variable 'vtc_offset' [-Wunused-variable]
     XVtc_HoriOffsets *vtc_offset,*vtc_offset_init;
                       ^
../src/helloworld.c:90:18: warning: unused variable 'vtc_signal' [-Wunused-variable]
     XVtc_Signal *vtc_signal;
                  ^
../src/helloworld.c: In function 'IicPsMasterPolledExample':
../src/helloworld.c:341:2: warning: implicit declaration of function 'usleep' [-Wimplicit-function-declaration]
  usleep(200000);
  ^
../src/helloworld.c:186:5: warning: variable 'Image' set but not used [-Wunused-but-set-variable]
  u8 Image[loop][data];
     ^
../src/helloworld.c:182:27: warning: unused variable 'iPixelAddr' [-Wunused-variable]
  int Status,i,segment,x,y,iPixelAddr;
                           ^
../src/helloworld.c:182:25: warning: unused variable 'y' [-Wunused-variable]
  int Status,i,segment,x,y,iPixelAddr;
                         ^
../src/helloworld.c:182:23: warning: unused variable 'x' [-Wunused-variable]
  int Status,i,segment,x,y,iPixelAddr;
                       ^
../src/helloworld.c: In function 'main':
../src/helloworld.c:98:33: warning: 'vtc_soruce' is used uninitialized in this function [-Wuninitialized]
  vtc_soruce->ActiveChromaPolSrc = 1;
                                 ^
../src/helloworld.c:118:2: warning: 'vtc_timing' is used uninitialized in this function [-Wuninitialized]
  XVtc_GetGeneratorTiming(&VtcInst, vtc_timing);
  ^
'Finished building: ../src/helloworld.c'
' '
'Building target: minized_flir.elf'
'Invoking: ARM v7 gcc linker'
arm-none-eabi-gcc -mcpu=cortex-a9 -mfpu=vfpv3 -mfloat-abi=hard -Wl,-build-id=none -specs=Xilinx.spec -Wl,-T -Wl,../src/lscript.ld -L../../standalone_bsp_0/ps7_cortexa9_0/lib -o "minized_flir.elf"  ./src/helloworld.o ./src/platform.o   -Wl,--start-group,-lxil,-lgcc,-lc,--end-group
'Finished building target: minized_flir.elf'
' '
'Invoking: ARM v7 Print Size'
arm-none-eabi-size minized_flir.elf  |tee "minized_flir.elf.size"
   text	   data	    bss	    dec	    hex	filename
 101688	   2636	  23520	 127844	  1f364	minized_flir.elf
'Finished building: minized_flir.elf.size'
' '
16:49:50 **** Incremental Build of configuration Debug for project minized_flir ****
make pre-build main-build 
a9-linaro-pre-build-step
' '
make: Nothing to be done for `main-build'.
16:55:19 **** Incremental Build of configuration Debug for project minized_flir ****
make pre-build main-build 
a9-linaro-pre-build-step
' '
'Building file: ../src/helloworld.c'
'Invoking: ARM v7 gcc compiler'
arm-none-eabi-gcc -Wall -O0 -g3 -c -fmessage-length=0 -MT"src/helloworld.o" -mcpu=cortex-a9 -mfpu=vfpv3 -mfloat-abi=hard -I../../standalone_bsp_0/ps7_cortexa9_0/include -MMD -MP -MF"src/helloworld.d" -MT"src/helloworld.o" -o "src/helloworld.o" "../src/helloworld.c"
../src/helloworld.c:84:29: error: unknown type name 'XAxiVdma'
 int run_triple_frame_buffer(XAxiVdma* InstancePtr, int DeviceId, int hsize,
                             ^
../src/helloworld.c: In function 'main':
../src/helloworld.c:100:22: error: conflicting types for 'status'
     u32 height,width,status;
                      ^
../src/helloworld.c:93:9: note: previous declaration of 'status' was here
     int status;
         ^
../src/helloworld.c:102:5: error: unknown type name 'XAxiVdma'
     XAxiVdma InstancePtr;
     ^
../src/helloworld.c:156:9: warning: format '%u' expects argument of type 'unsigned int', but argument 2 has type 'u32 {aka long unsigned int}' [-Wformat=]
  printf("vtc status %u\n\r",status);
         ^
../src/helloworld.c:156:9: warning: format '%u' expects argument of type 'unsigned int', but argument 2 has type 'u32 {aka long unsigned int}' [-Wformat=]
../src/helloworld.c:187:15: warning: implicit declaration of function 'run_triple_frame_buffer' [-Wimplicit-function-declaration]
      status = run_triple_frame_buffer(&InstancePtr, 0, 800, 480,
               ^
../src/helloworld.c:190:66: error: 'Status' undeclared (first use in this function)
       xil_printf("Transfer of frames failed with error = %d\r\n",Status);
                                                                  ^
../src/helloworld.c:190:66: note: each undeclared identifier is reported only once for each function it appears in
../src/helloworld.c:100:16: warning: unused variable 'width' [-Wunused-variable]
     u32 height,width,status;
                ^
../src/helloworld.c:100:9: warning: unused variable 'height' [-Wunused-variable]
     u32 height,width,status;
         ^
../src/helloworld.c:98:35: warning: unused variable 'vtc_offset_init' [-Wunused-variable]
     XVtc_HoriOffsets *vtc_offset,*vtc_offset_init;
                                   ^
../src/helloworld.c:98:23: warning: unused variable 'vtc_offset' [-Wunused-variable]
     XVtc_HoriOffsets *vtc_offset,*vtc_offset_init;
                       ^
../src/helloworld.c:96:18: warning: unused variable 'vtc_signal' [-Wunused-variable]
     XVtc_Signal *vtc_signal;
                  ^
../src/helloworld.c: In function 'IicPsMasterPolledExample':
../src/helloworld.c:388:2: warning: implicit declaration of function 'usleep' [-Wimplicit-function-declaration]
  usleep(200000);
  ^
../src/helloworld.c:233:5: warning: variable 'Image' set but not used [-Wunused-but-set-variable]
  u8 Image[loop][data];
     ^
../src/helloworld.c:229:27: warning: unused variable 'iPixelAddr' [-Wunused-variable]
  int Status,i,segment,x,y,iPixelAddr;
                           ^
../src/helloworld.c:229:25: warning: unused variable 'y' [-Wunused-variable]
  int Status,i,segment,x,y,iPixelAddr;
                         ^
../src/helloworld.c:229:23: warning: unused variable 'x' [-Wunused-variable]
  int Status,i,segment,x,y,iPixelAddr;
                       ^
make: *** [src/helloworld.o] Error 1
16:55:51 **** Incremental Build of configuration Debug for project minized_flir ****
make pre-build main-build 
a9-linaro-pre-build-step
' '
'Building file: ../src/helloworld.c'
'Invoking: ARM v7 gcc compiler'
arm-none-eabi-gcc -Wall -O0 -g3 -c -fmessage-length=0 -MT"src/helloworld.o" -mcpu=cortex-a9 -mfpu=vfpv3 -mfloat-abi=hard -I../../standalone_bsp_0/ps7_cortexa9_0/include -MMD -MP -MF"src/helloworld.d" -MT"src/helloworld.o" -o "src/helloworld.o" "../src/helloworld.c"
../src/helloworld.c:84:29: error: unknown type name 'XAxiVdma'
 int run_triple_frame_buffer(XAxiVdma* InstancePtr, int DeviceId, int hsize,
                             ^
../src/helloworld.c: In function 'main':
../src/helloworld.c:100:22: error: conflicting types for 'status'
     u32 height,width,status;
                      ^
../src/helloworld.c:93:9: note: previous declaration of 'status' was here
     int status;
         ^
../src/helloworld.c:102:5: error: unknown type name 'XAxiVdma'
     XAxiVdma InstancePtr;
     ^
../src/helloworld.c:156:9: warning: format '%u' expects argument of type 'unsigned int', but argument 2 has type 'u32 {aka long unsigned int}' [-Wformat=]
  printf("vtc status %u\n\r",status);
         ^
../src/helloworld.c:156:9: warning: format '%u' expects argument of type 'unsigned int', but argument 2 has type 'u32 {aka long unsigned int}' [-Wformat=]
../src/helloworld.c:187:15: warning: implicit declaration of function 'run_triple_frame_buffer' [-Wimplicit-function-declaration]
      status = run_triple_frame_buffer(&InstancePtr, 0, 800, 480,
               ^
../src/helloworld.c:190:66: error: 'Status' undeclared (first use in this function)
       xil_printf("Transfer of frames failed with error = %d\r\n",Status);
                                                                  ^
../src/helloworld.c:190:66: note: each undeclared identifier is reported only once for each function it appears in
../src/helloworld.c:100:16: warning: unused variable 'width' [-Wunused-variable]
     u32 height,width,status;
                ^
../src/helloworld.c:100:9: warning: unused variable 'height' [-Wunused-variable]
     u32 height,width,status;
         ^
../src/helloworld.c:98:35: warning: unused variable 'vtc_offset_init' [-Wunused-variable]
     XVtc_HoriOffsets *vtc_offset,*vtc_offset_init;
                                   ^
../src/helloworld.c:98:23: warning: unused variable 'vtc_offset' [-Wunused-variable]
     XVtc_HoriOffsets *vtc_offset,*vtc_offset_init;
                       ^
../src/helloworld.c:96:18: warning: unused variable 'vtc_signal' [-Wunused-variable]
     XVtc_Signal *vtc_signal;
                  ^
../src/helloworld.c: In function 'IicPsMasterPolledExample':
../src/helloworld.c:388:2: warning: implicit declaration of function 'usleep' [-Wimplicit-function-declaration]
  usleep(200000);
  ^
../src/helloworld.c:233:5: warning: variable 'Image' set but not used [-Wunused-but-set-variable]
  u8 Image[loop][data];
     ^
../src/helloworld.c:229:27: warning: unused variable 'iPixelAddr' [-Wunused-variable]
  int Status,i,segment,x,y,iPixelAddr;
                           ^
../src/helloworld.c:229:25: warning: unused variable 'y' [-Wunused-variable]
  int Status,i,segment,x,y,iPixelAddr;
                         ^
../src/helloworld.c:229:23: warning: unused variable 'x' [-Wunused-variable]
  int Status,i,segment,x,y,iPixelAddr;
                       ^
make: *** [src/helloworld.o] Error 1
16:56:31 **** Incremental Build of configuration Debug for project minized_flir ****
make pre-build main-build 
a9-linaro-pre-build-step
' '
'Building file: ../src/helloworld.c'
'Invoking: ARM v7 gcc compiler'
arm-none-eabi-gcc -Wall -O0 -g3 -c -fmessage-length=0 -MT"src/helloworld.o" -mcpu=cortex-a9 -mfpu=vfpv3 -mfloat-abi=hard -I../../standalone_bsp_0/ps7_cortexa9_0/include -MMD -MP -MF"src/helloworld.d" -MT"src/helloworld.o" -o "src/helloworld.o" "../src/helloworld.c"
../src/helloworld.c:84:29: error: unknown type name 'XAxiVdma'
 int run_triple_frame_buffer(XAxiVdma* InstancePtr, int DeviceId, int hsize,
                             ^
../src/helloworld.c: In function 'main':
../src/helloworld.c:100:22: error: conflicting types for 'status'
     u32 height,width,status;
                      ^
../src/helloworld.c:93:9: note: previous declaration of 'status' was here
     int status;
         ^
../src/helloworld.c:102:5: error: unknown type name 'XAxiVdma'
     XAxiVdma InstancePtr;
     ^
../src/helloworld.c:156:9: warning: format '%u' expects argument of type 'unsigned int', but argument 2 has type 'u32 {aka long unsigned int}' [-Wformat=]
  printf("vtc status %u\n\r",status);
         ^
../src/helloworld.c:156:9: warning: format '%u' expects argument of type 'unsigned int', but argument 2 has type 'u32 {aka long unsigned int}' [-Wformat=]
../src/helloworld.c:187:15: warning: implicit declaration of function 'run_triple_frame_buffer' [-Wimplicit-function-declaration]
      status = run_triple_frame_buffer(&InstancePtr, 0, 800, 480,
               ^
../src/helloworld.c:100:16: warning: unused variable 'width' [-Wunused-variable]
     u32 height,width,status;
                ^
../src/helloworld.c:100:9: warning: unused variable 'height' [-Wunused-variable]
     u32 height,width,status;
         ^
../src/helloworld.c:98:35: warning: unused variable 'vtc_offset_init' [-Wunused-variable]
     XVtc_HoriOffsets *vtc_offset,*vtc_offset_init;
                                   ^
../src/helloworld.c:98:23: warning: unused variable 'vtc_offset' [-Wunused-variable]
     XVtc_HoriOffsets *vtc_offset,*vtc_offset_init;
                       ^
../src/helloworld.c:96:18: warning: unused variable 'vtc_signal' [-Wunused-variable]
     XVtc_Signal *vtc_signal;
                  ^
../src/helloworld.c: In function 'IicPsMasterPolledExample':
../src/helloworld.c:388:2: warning: implicit declaration of function 'usleep' [-Wimplicit-function-declaration]
  usleep(200000);
  ^
../src/helloworld.c:233:5: warning: variable 'Image' set but not used [-Wunused-but-set-variable]
  u8 Image[loop][data];
     ^
../src/helloworld.c:229:27: warning: unused variable 'iPixelAddr' [-Wunused-variable]
  int Status,i,segment,x,y,iPixelAddr;
                           ^
../src/helloworld.c:229:25: warning: unused variable 'y' [-Wunused-variable]
  int Status,i,segment,x,y,iPixelAddr;
                         ^
../src/helloworld.c:229:23: warning: unused variable 'x' [-Wunused-variable]
  int Status,i,segment,x,y,iPixelAddr;
                       ^
make: *** [src/helloworld.o] Error 1
16:56:51 **** Incremental Build of configuration Debug for project minized_flir ****
make pre-build main-build 
a9-linaro-pre-build-step
' '
'Building file: ../src/helloworld.c'
'Invoking: ARM v7 gcc compiler'
arm-none-eabi-gcc -Wall -O0 -g3 -c -fmessage-length=0 -MT"src/helloworld.o" -mcpu=cortex-a9 -mfpu=vfpv3 -mfloat-abi=hard -I../../standalone_bsp_0/ps7_cortexa9_0/include -MMD -MP -MF"src/helloworld.d" -MT"src/helloworld.o" -o "src/helloworld.o" "../src/helloworld.c"
../src/helloworld.c:84:29: error: unknown type name 'XAxiVdma'
 int run_triple_frame_buffer(XAxiVdma* InstancePtr, int DeviceId, int hsize,
                             ^
../src/helloworld.c: In function 'main':
../src/helloworld.c:102:5: error: unknown type name 'XAxiVdma'
     XAxiVdma InstancePtr;
     ^
../src/helloworld.c:187:15: warning: implicit declaration of function 'run_triple_frame_buffer' [-Wimplicit-function-declaration]
      Status = run_triple_frame_buffer(&InstancePtr, 0, 800, 480,
               ^
../src/helloworld.c:100:16: warning: unused variable 'width' [-Wunused-variable]
     u32 height,width,Status;
                ^
../src/helloworld.c:100:9: warning: unused variable 'height' [-Wunused-variable]
     u32 height,width,Status;
         ^
../src/helloworld.c:98:35: warning: unused variable 'vtc_offset_init' [-Wunused-variable]
     XVtc_HoriOffsets *vtc_offset,*vtc_offset_init;
                                   ^
../src/helloworld.c:98:23: warning: unused variable 'vtc_offset' [-Wunused-variable]
     XVtc_HoriOffsets *vtc_offset,*vtc_offset_init;
                       ^
../src/helloworld.c:96:18: warning: unused variable 'vtc_signal' [-Wunused-variable]
     XVtc_Signal *vtc_signal;
                  ^
../src/helloworld.c: In function 'IicPsMasterPolledExample':
../src/helloworld.c:388:2: warning: implicit declaration of function 'usleep' [-Wimplicit-function-declaration]
  usleep(200000);
  ^
../src/helloworld.c:233:5: warning: variable 'Image' set but not used [-Wunused-but-set-variable]
  u8 Image[loop][data];
     ^
../src/helloworld.c:229:27: warning: unused variable 'iPixelAddr' [-Wunused-variable]
  int Status,i,segment,x,y,iPixelAddr;
                           ^
../src/helloworld.c:229:25: warning: unused variable 'y' [-Wunused-variable]
  int Status,i,segment,x,y,iPixelAddr;
                         ^
../src/helloworld.c:229:23: warning: unused variable 'x' [-Wunused-variable]
  int Status,i,segment,x,y,iPixelAddr;
                       ^
make: *** [src/helloworld.o] Error 1
16:57:31 **** Incremental Build of configuration Debug for project minized_flir ****
make pre-build main-build 
a9-linaro-pre-build-step
' '
'Building file: ../src/helloworld.c'
'Invoking: ARM v7 gcc compiler'
arm-none-eabi-gcc -Wall -O0 -g3 -c -fmessage-length=0 -MT"src/helloworld.o" -mcpu=cortex-a9 -mfpu=vfpv3 -mfloat-abi=hard -I../../standalone_bsp_0/ps7_cortexa9_0/include -MMD -MP -MF"src/helloworld.d" -MT"src/helloworld.o" -o "src/helloworld.o" "../src/helloworld.c"
../src/helloworld.c:53:19: fatal error: xvidc.h: No such file or directory
compilation terminated.
make: *** [src/helloworld.o] Error 1
17:07:42 **** Clean-only build of configuration Debug for project minized_flir ****
make clean 
rm -rf  ./src/helloworld.o ./src/platform.o  ./src/helloworld.d ./src/platform.d  minized_flir.elf.size  minized_flir.elf
' '
17:07:42 **** Incremental Build of configuration Debug for project minized_flir ****
make pre-build main-build 
a9-linaro-pre-build-step
' '
'Building file: ../src/helloworld.c'
'Invoking: ARM v7 gcc compiler'
arm-none-eabi-gcc -Wall -O0 -g3 -c -fmessage-length=0 -MT"src/helloworld.o" -mcpu=cortex-a9 -mfpu=vfpv3 -mfloat-abi=hard -I../../standalone_bsp_0/ps7_cortexa9_0/include -MMD -MP -MF"src/helloworld.d" -MT"src/helloworld.o" -o "src/helloworld.o" "../src/helloworld.c"
../src/helloworld.c:53:19: fatal error: xvidc.h: No such file or directory
compilation terminated.
make: *** [src/helloworld.o] Error 1
17:08:51 **** Incremental Build of configuration Debug for project minized_flir ****
make pre-build main-build 
a9-linaro-pre-build-step
' '
'Building file: ../src/helloworld.c'
'Invoking: ARM v7 gcc compiler'
arm-none-eabi-gcc -Wall -O0 -g3 -c -fmessage-length=0 -MT"src/helloworld.o" -mcpu=cortex-a9 -mfpu=vfpv3 -mfloat-abi=hard -I../../standalone_bsp_0/ps7_cortexa9_0/include -MMD -MP -MF"src/helloworld.d" -MT"src/helloworld.o" -o "src/helloworld.o" "../src/helloworld.c"
../src/helloworld.c: In function 'main':
../src/helloworld.c:104:16: warning: unused variable 'width' [-Wunused-variable]
     u32 height,width,Status;
                ^
../src/helloworld.c:104:9: warning: unused variable 'height' [-Wunused-variable]
     u32 height,width,Status;
         ^
../src/helloworld.c:102:35: warning: unused variable 'vtc_offset_init' [-Wunused-variable]
     XVtc_HoriOffsets *vtc_offset,*vtc_offset_init;
                                   ^
../src/helloworld.c:102:23: warning: unused variable 'vtc_offset' [-Wunused-variable]
     XVtc_HoriOffsets *vtc_offset,*vtc_offset_init;
                       ^
../src/helloworld.c:100:18: warning: unused variable 'vtc_signal' [-Wunused-variable]
     XVtc_Signal *vtc_signal;
                  ^
../src/helloworld.c: In function 'IicPsMasterPolledExample':
../src/helloworld.c:392:2: warning: implicit declaration of function 'usleep' [-Wimplicit-function-declaration]
  usleep(200000);
  ^
../src/helloworld.c:237:5: warning: variable 'Image' set but not used [-Wunused-but-set-variable]
  u8 Image[loop][data];
     ^
../src/helloworld.c:233:27: warning: unused variable 'iPixelAddr' [-Wunused-variable]
  int Status,i,segment,x,y,iPixelAddr;
                           ^
../src/helloworld.c:233:25: warning: unused variable 'y' [-Wunused-variable]
  int Status,i,segment,x,y,iPixelAddr;
                         ^
../src/helloworld.c:233:23: warning: unused variable 'x' [-Wunused-variable]
  int Status,i,segment,x,y,iPixelAddr;
                       ^
../src/helloworld.c: In function 'main':
../src/helloworld.c:111:33: warning: 'vtc_soruce' is used uninitialized in this function [-Wuninitialized]
  vtc_soruce->ActiveChromaPolSrc = 1;
                                 ^
../src/helloworld.c:131:2: warning: 'vtc_timing' is used uninitialized in this function [-Wuninitialized]
  XVtc_GetGeneratorTiming(&VtcInst, vtc_timing);
  ^
'Finished building: ../src/helloworld.c'
' '
'Building file: ../src/platform.c'
'Invoking: ARM v7 gcc compiler'
arm-none-eabi-gcc -Wall -O0 -g3 -c -fmessage-length=0 -MT"src/platform.o" -mcpu=cortex-a9 -mfpu=vfpv3 -mfloat-abi=hard -I../../standalone_bsp_0/ps7_cortexa9_0/include -MMD -MP -MF"src/platform.d" -MT"src/platform.o" -o "src/platform.o" "../src/platform.c"
'Finished building: ../src/platform.c'
' '
'Building file: ../src/vdma_api.c'
'Invoking: ARM v7 gcc compiler'
arm-none-eabi-gcc -Wall -O0 -g3 -c -fmessage-length=0 -MT"src/vdma_api.o" -mcpu=cortex-a9 -mfpu=vfpv3 -mfloat-abi=hard -I../../standalone_bsp_0/ps7_cortexa9_0/include -MMD -MP -MF"src/vdma_api.d" -MT"src/vdma_api.o" -o "src/vdma_api.o" "../src/vdma_api.c"
'Finished building: ../src/vdma_api.c'
' '
'Building target: minized_flir.elf'
'Invoking: ARM v7 gcc linker'
arm-none-eabi-gcc -mcpu=cortex-a9 -mfpu=vfpv3 -mfloat-abi=hard -Wl,-build-id=none -specs=Xilinx.spec -Wl,-T -Wl,../src/lscript.ld -L../../standalone_bsp_0/ps7_cortexa9_0/lib -o "minized_flir.elf"  ./src/helloworld.o ./src/platform.o ./src/vdma_api.o   -Wl,--start-group,-lxil,-lgcc,-lc,--end-group
'Finished building target: minized_flir.elf'
' '
'Invoking: ARM v7 Print Size'
arm-none-eabi-size minized_flir.elf  |tee "minized_flir.elf.size"
   text	   data	    bss	    dec	    hex	filename
 112456	   2764	  23904	 139124	  21f74	minized_flir.elf
'Finished building: minized_flir.elf.size'
' '
17:10:36 **** Incremental Build of configuration Debug for project minized_flir ****
make pre-build main-build 
a9-linaro-pre-build-step
' '
make: Nothing to be done for `main-build'.
17:12:45 **** Incremental Build of configuration Debug for project minized_flir ****
make pre-build main-build 
a9-linaro-pre-build-step
' '
'Building file: ../src/helloworld.c'
'Invoking: ARM v7 gcc compiler'
arm-none-eabi-gcc -Wall -O0 -g3 -c -fmessage-length=0 -MT"src/helloworld.o" -mcpu=cortex-a9 -mfpu=vfpv3 -mfloat-abi=hard -I../../standalone_bsp_0/ps7_cortexa9_0/include -MMD -MP -MF"src/helloworld.d" -MT"src/helloworld.o" -o "src/helloworld.o" "../src/helloworld.c"
../src/helloworld.c: In function 'main':
../src/helloworld.c:104:22: warning: variable 'Status' set but not used [-Wunused-but-set-variable]
     u32 height,width,Status;
                      ^
../src/helloworld.c:104:16: warning: unused variable 'width' [-Wunused-variable]
     u32 height,width,Status;
                ^
../src/helloworld.c:104:9: warning: unused variable 'height' [-Wunused-variable]
     u32 height,width,Status;
         ^
../src/helloworld.c:102:35: warning: unused variable 'vtc_offset_init' [-Wunused-variable]
     XVtc_HoriOffsets *vtc_offset,*vtc_offset_init;
                                   ^
../src/helloworld.c:102:23: warning: unused variable 'vtc_offset' [-Wunused-variable]
     XVtc_HoriOffsets *vtc_offset,*vtc_offset_init;
                       ^
../src/helloworld.c:100:18: warning: unused variable 'vtc_signal' [-Wunused-variable]
     XVtc_Signal *vtc_signal;
                  ^
../src/helloworld.c: In function 'IicPsMasterPolledExample':
../src/helloworld.c:392:2: warning: implicit declaration of function 'usleep' [-Wimplicit-function-declaration]
  usleep(200000);
  ^
../src/helloworld.c:237:5: warning: variable 'Image' set but not used [-Wunused-but-set-variable]
  u8 Image[loop][data];
     ^
../src/helloworld.c:233:27: warning: unused variable 'iPixelAddr' [-Wunused-variable]
  int Status,i,segment,x,y,iPixelAddr;
                           ^
../src/helloworld.c:233:25: warning: unused variable 'y' [-Wunused-variable]
  int Status,i,segment,x,y,iPixelAddr;
                         ^
../src/helloworld.c:233:23: warning: unused variable 'x' [-Wunused-variable]
  int Status,i,segment,x,y,iPixelAddr;
                       ^
../src/helloworld.c: In function 'main':
../src/helloworld.c:111:33: warning: 'vtc_soruce' is used uninitialized in this function [-Wuninitialized]
  vtc_soruce->ActiveChromaPolSrc = 1;
                                 ^
../src/helloworld.c:131:2: warning: 'vtc_timing' is used uninitialized in this function [-Wuninitialized]
  XVtc_GetGeneratorTiming(&VtcInst, vtc_timing);
  ^
'Finished building: ../src/helloworld.c'
' '
'Building target: minized_flir.elf'
'Invoking: ARM v7 gcc linker'
arm-none-eabi-gcc -mcpu=cortex-a9 -mfpu=vfpv3 -mfloat-abi=hard -Wl,-build-id=none -specs=Xilinx.spec -Wl,-T -Wl,../src/lscript.ld -L../../standalone_bsp_0/ps7_cortexa9_0/lib -o "minized_flir.elf"  ./src/helloworld.o ./src/platform.o ./src/vdma_api.o   -Wl,--start-group,-lxil,-lgcc,-lc,--end-group
'Finished building target: minized_flir.elf'
' '
'Invoking: ARM v7 Print Size'
arm-none-eabi-size minized_flir.elf  |tee "minized_flir.elf.size"
   text	   data	    bss	    dec	    hex	filename
 112320	   2764	  23904	 138988	  21eec	minized_flir.elf
'Finished building: minized_flir.elf.size'
' '
17:15:30 **** Incremental Build of configuration Debug for project minized_flir ****
make pre-build main-build 
a9-linaro-pre-build-step
' '
'Building file: ../src/vdma_api.c'
'Invoking: ARM v7 gcc compiler'
arm-none-eabi-gcc -Wall -O0 -g3 -c -fmessage-length=0 -MT"src/vdma_api.o" -mcpu=cortex-a9 -mfpu=vfpv3 -mfloat-abi=hard -I../../standalone_bsp_0/ps7_cortexa9_0/include -MMD -MP -MF"src/vdma_api.d" -MT"src/vdma_api.o" -o "src/vdma_api.o" "../src/vdma_api.c"
../src/vdma_api.c:351:12: warning: 'WriteSetup' defined but not used [-Wunused-function]
 static int WriteSetup(vdma_handle *vdma_context)
            ^
'Finished building: ../src/vdma_api.c'
' '
'Building target: minized_flir.elf'
'Invoking: ARM v7 gcc linker'
arm-none-eabi-gcc -mcpu=cortex-a9 -mfpu=vfpv3 -mfloat-abi=hard -Wl,-build-id=none -specs=Xilinx.spec -Wl,-T -Wl,../src/lscript.ld -L../../standalone_bsp_0/ps7_cortexa9_0/lib -o "minized_flir.elf"  ./src/helloworld.o ./src/platform.o ./src/vdma_api.o   -Wl,--start-group,-lxil,-lgcc,-lc,--end-group
'Finished building target: minized_flir.elf'
' '
'Invoking: ARM v7 Print Size'
arm-none-eabi-size minized_flir.elf  |tee "minized_flir.elf.size"
   text	   data	    bss	    dec	    hex	filename
 112224	   2764	  23904	 138892	  21e8c	minized_flir.elf
'Finished building: minized_flir.elf.size'
' '
17:16:28 **** Incremental Build of configuration Debug for project minized_flir ****
make pre-build main-build 
a9-linaro-pre-build-step
' '
make: Nothing to be done for `main-build'.
17:17:00 **** Incremental Build of configuration Debug for project minized_flir ****
make pre-build main-build 
a9-linaro-pre-build-step
' '
'Building file: ../src/helloworld.c'
'Invoking: ARM v7 gcc compiler'
arm-none-eabi-gcc -Wall -O0 -g3 -c -fmessage-length=0 -MT"src/helloworld.o" -mcpu=cortex-a9 -mfpu=vfpv3 -mfloat-abi=hard -I../../standalone_bsp_0/ps7_cortexa9_0/include -MMD -MP -MF"src/helloworld.d" -MT"src/helloworld.o" -o "src/helloworld.o" "../src/helloworld.c"
../src/helloworld.c: In function 'main':
../src/helloworld.c:104:16: warning: unused variable 'width' [-Wunused-variable]
     u32 height,width,Status;
                ^
../src/helloworld.c:104:9: warning: unused variable 'height' [-Wunused-variable]
     u32 height,width,Status;
         ^
../src/helloworld.c:102:35: warning: unused variable 'vtc_offset_init' [-Wunused-variable]
     XVtc_HoriOffsets *vtc_offset,*vtc_offset_init;
                                   ^
../src/helloworld.c:102:23: warning: unused variable 'vtc_offset' [-Wunused-variable]
     XVtc_HoriOffsets *vtc_offset,*vtc_offset_init;
                       ^
../src/helloworld.c:100:18: warning: unused variable 'vtc_signal' [-Wunused-variable]
     XVtc_Signal *vtc_signal;
                  ^
../src/helloworld.c: In function 'IicPsMasterPolledExample':
../src/helloworld.c:392:2: warning: implicit declaration of function 'usleep' [-Wimplicit-function-declaration]
  usleep(200000);
  ^
../src/helloworld.c:237:5: warning: variable 'Image' set but not used [-Wunused-but-set-variable]
  u8 Image[loop][data];
     ^
../src/helloworld.c:233:27: warning: unused variable 'iPixelAddr' [-Wunused-variable]
  int Status,i,segment,x,y,iPixelAddr;
                           ^
../src/helloworld.c:233:25: warning: unused variable 'y' [-Wunused-variable]
  int Status,i,segment,x,y,iPixelAddr;
                         ^
../src/helloworld.c:233:23: warning: unused variable 'x' [-Wunused-variable]
  int Status,i,segment,x,y,iPixelAddr;
                       ^
../src/helloworld.c: In function 'main':
../src/helloworld.c:111:33: warning: 'vtc_soruce' is used uninitialized in this function [-Wuninitialized]
  vtc_soruce->ActiveChromaPolSrc = 1;
                                 ^
../src/helloworld.c:131:2: warning: 'vtc_timing' is used uninitialized in this function [-Wuninitialized]
  XVtc_GetGeneratorTiming(&VtcInst, vtc_timing);
  ^
'Finished building: ../src/helloworld.c'
' '
'Building target: minized_flir.elf'
'Invoking: ARM v7 gcc linker'
arm-none-eabi-gcc -mcpu=cortex-a9 -mfpu=vfpv3 -mfloat-abi=hard -Wl,-build-id=none -specs=Xilinx.spec -Wl,-T -Wl,../src/lscript.ld -L../../standalone_bsp_0/ps7_cortexa9_0/lib -o "minized_flir.elf"  ./src/helloworld.o ./src/platform.o ./src/vdma_api.o   -Wl,--start-group,-lxil,-lgcc,-lc,--end-group
'Finished building target: minized_flir.elf'
' '
'Invoking: ARM v7 Print Size'
arm-none-eabi-size minized_flir.elf  |tee "minized_flir.elf.size"
   text	   data	    bss	    dec	    hex	filename
 112296	   2764	  23904	 138964	  21ed4	minized_flir.elf
'Finished building: minized_flir.elf.size'
' '
17:18:20 **** Incremental Build of configuration Debug for project minized_flir ****
make pre-build main-build 
a9-linaro-pre-build-step
' '
'Building file: ../src/vdma_api.c'
'Invoking: ARM v7 gcc compiler'
arm-none-eabi-gcc -Wall -O0 -g3 -c -fmessage-length=0 -MT"src/vdma_api.o" -mcpu=cortex-a9 -mfpu=vfpv3 -mfloat-abi=hard -I../../standalone_bsp_0/ps7_cortexa9_0/include -MMD -MP -MF"src/vdma_api.d" -MT"src/vdma_api.o" -o "src/vdma_api.o" "../src/vdma_api.c"
'Finished building: ../src/vdma_api.c'
' '
'Building target: minized_flir.elf'
'Invoking: ARM v7 gcc linker'
arm-none-eabi-gcc -mcpu=cortex-a9 -mfpu=vfpv3 -mfloat-abi=hard -Wl,-build-id=none -specs=Xilinx.spec -Wl,-T -Wl,../src/lscript.ld -L../../standalone_bsp_0/ps7_cortexa9_0/lib -o "minized_flir.elf"  ./src/helloworld.o ./src/platform.o ./src/vdma_api.o   -Wl,--start-group,-lxil,-lgcc,-lc,--end-group
'Finished building target: minized_flir.elf'
' '
'Invoking: ARM v7 Print Size'
arm-none-eabi-size minized_flir.elf  |tee "minized_flir.elf.size"
   text	   data	    bss	    dec	    hex	filename
 112456	   2764	  23904	 139124	  21f74	minized_flir.elf
'Finished building: minized_flir.elf.size'
' '
17:32:20 **** Incremental Build of configuration Debug for project minized_flir ****
make pre-build main-build 
a9-linaro-pre-build-step
' '
'Building file: ../src/helloworld.c'
'Invoking: ARM v7 gcc compiler'
arm-none-eabi-gcc -Wall -O0 -g3 -c -fmessage-length=0 -MT"src/helloworld.o" -mcpu=cortex-a9 -mfpu=vfpv3 -mfloat-abi=hard -I../../standalone_bsp_0/ps7_cortexa9_0/include -MMD -MP -MF"src/helloworld.d" -MT"src/helloworld.o" -o "src/helloworld.o" "../src/helloworld.c"
../src/helloworld.c: In function 'main':
../src/helloworld.c:188:11: error: conflicting types for 'vdma'
  XAxiVdma vdma;
           ^
../src/helloworld.c:186:12: note: previous declaration of 'vdma' was here
  XAxiVdma *vdma; /*VDMA driver struct*/
            ^
../src/helloworld.c:189:19: error: conflicting types for 'vdmaConfig'
  XAxiVdma_Config *vdmaConfig;
                   ^
../src/helloworld.c:187:20: note: previous declaration of 'vdmaConfig' was here
  XAxiVdma_DmaSetup vdmaConfig; /*VDMA channel configuration*/
                    ^
../src/helloworld.c:191:14: error: 'DISPLAY_NUM_FRAMES' undeclared (first use in this function)
  u8 frameBuf[DISPLAY_NUM_FRAMES][DEMO_MAX_FRAME];
              ^
../src/helloworld.c:191:14: note: each undeclared identifier is reported only once for each function it appears in
../src/helloworld.c:191:34: error: 'DEMO_MAX_FRAME' undeclared (first use in this function)
  u8 frameBuf[DISPLAY_NUM_FRAMES][DEMO_MAX_FRAME];
                                  ^
../src/helloworld.c:195:7: error: 'i' undeclared (first use in this function)
  for (i = 0; i < DISPLAY_NUM_FRAMES; i++)
       ^
../src/helloworld.c:200:37: error: 'VGA_VDMA_ID' undeclared (first use in this function)
  vdmaConfig = XAxiVdma_LookupConfig(VGA_VDMA_ID);
                                     ^
../src/helloworld.c:203:12: error: request for member 'FrameDelay' in something not a structure or union
  vdmaConfig.FrameDelay = 0;
            ^
../src/helloworld.c:204:12: error: request for member 'EnableCircularBuf' in something not a structure or union
  vdmaConfig.EnableCircularBuf = 1;
            ^
../src/helloworld.c:205:12: error: request for member 'EnableSync' in something not a structure or union
  vdmaConfig.EnableSync = 0;
            ^
../src/helloworld.c:206:12: error: request for member 'PointNum' in something not a structure or union
  vdmaConfig.PointNum = 0;
            ^
../src/helloworld.c:207:12: error: request for member 'EnableFrameCounter' in something not a structure or union
  vdmaConfig.EnableFrameCounter = 0;
            ^
../src/helloworld.c:209:12: error: request for member 'VertSizeInput' in something not a structure or union
  vdmaConfig.VertSizeInput = 400
            ^
../src/helloworld.c:210:2: error: expected ';' before 'vdmaConfig'
  vdmaConfig.HoriSizeInput = (800 * 4);
  ^
../src/helloworld.c:211:12: error: request for member 'FixedFrameStoreAddr' in something not a structure or union
  vdmaConfig.FixedFrameStoreAddr = srcBuffer;
            ^
../src/helloworld.c:212:12: error: request for member 'Stride' in something not a structure or union
  vdmaConfig.Stride = 800 *4;
            ^
../src/helloworld.c:214:21: error: incompatible type for argument 1 of 'XAxiVdma_DmaConfig'
  XAxiVdma_DmaConfig(vdma, XAXIVDMA_READ, &(vdmaConfig));
                     ^
In file included from ../src/helloworld.c:54:0:
../../standalone_bsp_0/ps7_cortexa9_0/include/xaxivdma.h:579:5: note: expected 'XAxiVdma * {aka struct <anonymous> *}' but argument is of type 'XAxiVdma {aka struct <anonymous>}'
 int XAxiVdma_DmaConfig(XAxiVdma *InstancePtr, u16 Direction,
     ^
../src/helloworld.c:214:42: warning: passing argument 3 of 'XAxiVdma_DmaConfig' from incompatible pointer type [-Wincompatible-pointer-types]
  XAxiVdma_DmaConfig(vdma, XAXIVDMA_READ, &(vdmaConfig));
                                          ^
In file included from ../src/helloworld.c:54:0:
../../standalone_bsp_0/ps7_cortexa9_0/include/xaxivdma.h:579:5: note: expected 'XAxiVdma_DmaSetup * {aka struct <anonymous> *}' but argument is of type 'XAxiVdma_Config ** {aka struct <anonymous> **}'
 int XAxiVdma_DmaConfig(XAxiVdma *InstancePtr, u16 Direction,
     ^
../src/helloworld.c:215:28: error: incompatible type for argument 1 of 'XAxiVdma_DmaSetBufferAddr'
  XAxiVdma_DmaSetBufferAddr(vdma, XAXIVDMA_READ,srcBuffer);
                            ^
In file included from ../src/helloworld.c:54:0:
../../standalone_bsp_0/ps7_cortexa9_0/include/xaxivdma.h:581:5: note: expected 'XAxiVdma * {aka struct <anonymous> *}' but argument is of type 'XAxiVdma {aka struct <anonymous>}'
 int XAxiVdma_DmaSetBufferAddr(XAxiVdma *InstancePtr, u16 Direction,
     ^
../src/helloworld.c:215:48: warning: passing argument 3 of 'XAxiVdma_DmaSetBufferAddr' makes pointer from integer without a cast [-Wint-conversion]
  XAxiVdma_DmaSetBufferAddr(vdma, XAXIVDMA_READ,srcBuffer);
                                                ^
In file included from ../src/helloworld.c:54:0:
../../standalone_bsp_0/ps7_cortexa9_0/include/xaxivdma.h:581:5: note: expected 'UINTPTR * {aka unsigned int *}' but argument is of type 'unsigned int'
 int XAxiVdma_DmaSetBufferAddr(XAxiVdma *InstancePtr, u16 Direction,
     ^
../src/helloworld.c:216:20: error: incompatible type for argument 1 of 'XAxiVdma_DmaStart'
  XAxiVdma_DmaStart(vdma, XAXIVDMA_READ);
                    ^
In file included from ../src/helloworld.c:54:0:
../../standalone_bsp_0/ps7_cortexa9_0/include/xaxivdma.h:583:5: note: expected 'XAxiVdma * {aka struct <anonymous> *}' but argument is of type 'XAxiVdma {aka struct <anonymous>}'
 int XAxiVdma_DmaStart(XAxiVdma *InstancePtr, u16 Direction);
     ^
../src/helloworld.c:217:24: error: incompatible type for argument 1 of 'XAxiVdma_StartParking'
  XAxiVdma_StartParking(vdma, 0, XAXIVDMA_READ);
                        ^
In file included from ../src/helloworld.c:54:0:
../../standalone_bsp_0/ps7_cortexa9_0/include/xaxivdma.h:546:5: note: expected 'XAxiVdma * {aka struct <anonymous> *}' but argument is of type 'XAxiVdma {aka struct <anonymous>}'
 int XAxiVdma_StartParking(XAxiVdma *InstancePtr, int FrameIndex,
     ^
../src/helloworld.c:192:6: warning: unused variable 'pFrames' [-Wunused-variable]
  u8 *pFrames[DISPLAY_NUM_FRAMES];     //array of pointers to the frame buffers
      ^
../src/helloworld.c:191:5: warning: unused variable 'frameBuf' [-Wunused-variable]
  u8 frameBuf[DISPLAY_NUM_FRAMES][DEMO_MAX_FRAME];
     ^
../src/helloworld.c:104:14: warning: unused variable 'InstancePtr' [-Wunused-variable]
     XAxiVdma InstancePtr;
              ^
../src/helloworld.c:103:9: warning: unused variable 'vdma_stat' [-Wunused-variable]
     u32 vdma_stat;
         ^
../src/helloworld.c:102:22: warning: unused variable 'Status' [-Wunused-variable]
     u32 height,width,Status;
                      ^
../src/helloworld.c:102:16: warning: unused variable 'width' [-Wunused-variable]
     u32 height,width,Status;
                ^
../src/helloworld.c:102:9: warning: unused variable 'height' [-Wunused-variable]
     u32 height,width,Status;
         ^
../src/helloworld.c:100:35: warning: unused variable 'vtc_offset_init' [-Wunused-variable]
     XVtc_HoriOffsets *vtc_offset,*vtc_offset_init;
                                   ^
../src/helloworld.c:100:23: warning: unused variable 'vtc_offset' [-Wunused-variable]
     XVtc_HoriOffsets *vtc_offset,*vtc_offset_init;
                       ^
../src/helloworld.c:98:18: warning: unused variable 'vtc_signal' [-Wunused-variable]
     XVtc_Signal *vtc_signal;
                  ^
../src/helloworld.c: In function 'IicPsMasterPolledExample':
../src/helloworld.c:385:2: warning: implicit declaration of function 'usleep' [-Wimplicit-function-declaration]
  usleep(200000);
  ^
../src/helloworld.c:230:5: warning: variable 'Image' set but not used [-Wunused-but-set-variable]
  u8 Image[loop][data];
     ^
../src/helloworld.c:226:27: warning: unused variable 'iPixelAddr' [-Wunused-variable]
  int Status,i,segment,x,y,iPixelAddr;
                           ^
../src/helloworld.c:226:25: warning: unused variable 'y' [-Wunused-variable]
  int Status,i,segment,x,y,iPixelAddr;
                         ^
../src/helloworld.c:226:23: warning: unused variable 'x' [-Wunused-variable]
  int Status,i,segment,x,y,iPixelAddr;
                       ^
make: *** [src/helloworld.o] Error 1
17:34:31 **** Incremental Build of configuration Debug for project minized_flir ****
make pre-build main-build 
a9-linaro-pre-build-step
' '
'Building file: ../src/helloworld.c'
'Invoking: ARM v7 gcc compiler'
arm-none-eabi-gcc -Wall -O0 -g3 -c -fmessage-length=0 -MT"src/helloworld.o" -mcpu=cortex-a9 -mfpu=vfpv3 -mfloat-abi=hard -I../../standalone_bsp_0/ps7_cortexa9_0/include -MMD -MP -MF"src/helloworld.d" -MT"src/helloworld.o" -o "src/helloworld.o" "../src/helloworld.c"
../src/helloworld.c: In function 'main':
../src/helloworld.c:188:11: error: conflicting types for 'vdma'
  XAxiVdma vdma;
           ^
../src/helloworld.c:186:12: note: previous declaration of 'vdma' was here
  XAxiVdma *vdma; /*VDMA driver struct*/
            ^
../src/helloworld.c:189:19: error: conflicting types for 'vdmaConfig'
  XAxiVdma_Config *vdmaConfig;
                   ^
../src/helloworld.c:187:20: note: previous declaration of 'vdmaConfig' was here
  XAxiVdma_DmaSetup vdmaConfig; /*VDMA channel configuration*/
                    ^
../src/helloworld.c:195:7: error: 'i' undeclared (first use in this function)
  for (i = 0; i < DISPLAY_NUM_FRAMES; i++)
       ^
../src/helloworld.c:195:7: note: each undeclared identifier is reported only once for each function it appears in
../src/helloworld.c:195:18: error: 'DISPLAY_NUM_FRAMES' undeclared (first use in this function)
  for (i = 0; i < DISPLAY_NUM_FRAMES; i++)
                  ^
../src/helloworld.c:203:12: error: request for member 'FrameDelay' in something not a structure or union
  vdmaConfig.FrameDelay = 0;
            ^
../src/helloworld.c:204:12: error: request for member 'EnableCircularBuf' in something not a structure or union
  vdmaConfig.EnableCircularBuf = 1;
            ^
../src/helloworld.c:205:12: error: request for member 'EnableSync' in something not a structure or union
  vdmaConfig.EnableSync = 0;
            ^
../src/helloworld.c:206:12: error: request for member 'PointNum' in something not a structure or union
  vdmaConfig.PointNum = 0;
            ^
../src/helloworld.c:207:12: error: request for member 'EnableFrameCounter' in something not a structure or union
  vdmaConfig.EnableFrameCounter = 0;
            ^
../src/helloworld.c:209:12: error: request for member 'VertSizeInput' in something not a structure or union
  vdmaConfig.VertSizeInput = 400
            ^
../src/helloworld.c:210:2: error: expected ';' before 'vdmaConfig'
  vdmaConfig.HoriSizeInput = (800 * 4);
  ^
../src/helloworld.c:211:12: error: request for member 'FixedFrameStoreAddr' in something not a structure or union
  vdmaConfig.FixedFrameStoreAddr = srcBuffer;
            ^
../src/helloworld.c:212:12: error: request for member 'Stride' in something not a structure or union
  vdmaConfig.Stride = 800 *4;
            ^
../src/helloworld.c:214:21: error: incompatible type for argument 1 of 'XAxiVdma_DmaConfig'
  XAxiVdma_DmaConfig(vdma, XAXIVDMA_READ, &(vdmaConfig));
                     ^
In file included from ../src/helloworld.c:54:0:
../../standalone_bsp_0/ps7_cortexa9_0/include/xaxivdma.h:579:5: note: expected 'XAxiVdma * {aka struct <anonymous> *}' but argument is of type 'XAxiVdma {aka struct <anonymous>}'
 int XAxiVdma_DmaConfig(XAxiVdma *InstancePtr, u16 Direction,
     ^
../src/helloworld.c:214:42: warning: passing argument 3 of 'XAxiVdma_DmaConfig' from incompatible pointer type [-Wincompatible-pointer-types]
  XAxiVdma_DmaConfig(vdma, XAXIVDMA_READ, &(vdmaConfig));
                                          ^
In file included from ../src/helloworld.c:54:0:
../../standalone_bsp_0/ps7_cortexa9_0/include/xaxivdma.h:579:5: note: expected 'XAxiVdma_DmaSetup * {aka struct <anonymous> *}' but argument is of type 'XAxiVdma_Config ** {aka struct <anonymous> **}'
 int XAxiVdma_DmaConfig(XAxiVdma *InstancePtr, u16 Direction,
     ^
../src/helloworld.c:215:28: error: incompatible type for argument 1 of 'XAxiVdma_DmaSetBufferAddr'
  XAxiVdma_DmaSetBufferAddr(vdma, XAXIVDMA_READ,srcBuffer);
                            ^
In file included from ../src/helloworld.c:54:0:
../../standalone_bsp_0/ps7_cortexa9_0/include/xaxivdma.h:581:5: note: expected 'XAxiVdma * {aka struct <anonymous> *}' but argument is of type 'XAxiVdma {aka struct <anonymous>}'
 int XAxiVdma_DmaSetBufferAddr(XAxiVdma *InstancePtr, u16 Direction,
     ^
../src/helloworld.c:215:48: warning: passing argument 3 of 'XAxiVdma_DmaSetBufferAddr' makes pointer from integer without a cast [-Wint-conversion]
  XAxiVdma_DmaSetBufferAddr(vdma, XAXIVDMA_READ,srcBuffer);
                                                ^
In file included from ../src/helloworld.c:54:0:
../../standalone_bsp_0/ps7_cortexa9_0/include/xaxivdma.h:581:5: note: expected 'UINTPTR * {aka unsigned int *}' but argument is of type 'unsigned int'
 int XAxiVdma_DmaSetBufferAddr(XAxiVdma *InstancePtr, u16 Direction,
     ^
../src/helloworld.c:216:20: error: incompatible type for argument 1 of 'XAxiVdma_DmaStart'
  XAxiVdma_DmaStart(vdma, XAXIVDMA_READ);
                    ^
In file included from ../src/helloworld.c:54:0:
../../standalone_bsp_0/ps7_cortexa9_0/include/xaxivdma.h:583:5: note: expected 'XAxiVdma * {aka struct <anonymous> *}' but argument is of type 'XAxiVdma {aka struct <anonymous>}'
 int XAxiVdma_DmaStart(XAxiVdma *InstancePtr, u16 Direction);
     ^
../src/helloworld.c:217:24: error: incompatible type for argument 1 of 'XAxiVdma_StartParking'
  XAxiVdma_StartParking(vdma, 0, XAXIVDMA_READ);
                        ^
In file included from ../src/helloworld.c:54:0:
../../standalone_bsp_0/ps7_cortexa9_0/include/xaxivdma.h:546:5: note: expected 'XAxiVdma * {aka struct <anonymous> *}' but argument is of type 'XAxiVdma {aka struct <anonymous>}'
 int XAxiVdma_StartParking(XAxiVdma *InstancePtr, int FrameIndex,
     ^
../src/helloworld.c:192:6: warning: variable 'pFrames' set but not used [-Wunused-but-set-variable]
  u8 *pFrames[3];     //array of pointers to the frame buffers
      ^
../src/helloworld.c:191:5: warning: variable 'frameBuf' set but not used [-Wunused-but-set-variable]
  u8 frameBuf[3][3];
     ^
../src/helloworld.c:104:14: warning: unused variable 'InstancePtr' [-Wunused-variable]
     XAxiVdma InstancePtr;
              ^
../src/helloworld.c:103:9: warning: unused variable 'vdma_stat' [-Wunused-variable]
     u32 vdma_stat;
         ^
../src/helloworld.c:102:22: warning: unused variable 'Status' [-Wunused-variable]
     u32 height,width,Status;
                      ^
../src/helloworld.c:102:16: warning: unused variable 'width' [-Wunused-variable]
     u32 height,width,Status;
                ^
../src/helloworld.c:102:9: warning: unused variable 'height' [-Wunused-variable]
     u32 height,width,Status;
         ^
../src/helloworld.c:100:35: warning: unused variable 'vtc_offset_init' [-Wunused-variable]
     XVtc_HoriOffsets *vtc_offset,*vtc_offset_init;
                                   ^
../src/helloworld.c:100:23: warning: unused variable 'vtc_offset' [-Wunused-variable]
     XVtc_HoriOffsets *vtc_offset,*vtc_offset_init;
                       ^
../src/helloworld.c:98:18: warning: unused variable 'vtc_signal' [-Wunused-variable]
     XVtc_Signal *vtc_signal;
                  ^
../src/helloworld.c: In function 'IicPsMasterPolledExample':
../src/helloworld.c:385:2: warning: implicit declaration of function 'usleep' [-Wimplicit-function-declaration]
  usleep(200000);
  ^
../src/helloworld.c:230:5: warning: variable 'Image' set but not used [-Wunused-but-set-variable]
  u8 Image[loop][data];
     ^
../src/helloworld.c:226:27: warning: unused variable 'iPixelAddr' [-Wunused-variable]
  int Status,i,segment,x,y,iPixelAddr;
                           ^
../src/helloworld.c:226:25: warning: unused variable 'y' [-Wunused-variable]
  int Status,i,segment,x,y,iPixelAddr;
                         ^
../src/helloworld.c:226:23: warning: unused variable 'x' [-Wunused-variable]
  int Status,i,segment,x,y,iPixelAddr;
                       ^
make: *** [src/helloworld.o] Error 1
17:34:37 **** Incremental Build of configuration Debug for project minized_flir ****
make pre-build main-build 
a9-linaro-pre-build-step
' '
'Building file: ../src/helloworld.c'
'Invoking: ARM v7 gcc compiler'
arm-none-eabi-gcc -Wall -O0 -g3 -c -fmessage-length=0 -MT"src/helloworld.o" -mcpu=cortex-a9 -mfpu=vfpv3 -mfloat-abi=hard -I../../standalone_bsp_0/ps7_cortexa9_0/include -MMD -MP -MF"src/helloworld.d" -MT"src/helloworld.o" -o "src/helloworld.o" "../src/helloworld.c"
../src/helloworld.c: In function 'main':
../src/helloworld.c:188:11: error: conflicting types for 'vdma'
  XAxiVdma vdma;
           ^
../src/helloworld.c:186:12: note: previous declaration of 'vdma' was here
  XAxiVdma *vdma; /*VDMA driver struct*/
            ^
../src/helloworld.c:189:19: error: conflicting types for 'vdmaConfig'
  XAxiVdma_Config *vdmaConfig;
                   ^
../src/helloworld.c:187:20: note: previous declaration of 'vdmaConfig' was here
  XAxiVdma_DmaSetup vdmaConfig; /*VDMA channel configuration*/
                    ^
../src/helloworld.c:195:7: error: 'i' undeclared (first use in this function)
  for (i = 0; i < 3; i++)
       ^
../src/helloworld.c:195:7: note: each undeclared identifier is reported only once for each function it appears in
../src/helloworld.c:203:12: error: request for member 'FrameDelay' in something not a structure or union
  vdmaConfig.FrameDelay = 0;
            ^
../src/helloworld.c:204:12: error: request for member 'EnableCircularBuf' in something not a structure or union
  vdmaConfig.EnableCircularBuf = 1;
            ^
../src/helloworld.c:205:12: error: request for member 'EnableSync' in something not a structure or union
  vdmaConfig.EnableSync = 0;
            ^
../src/helloworld.c:206:12: error: request for member 'PointNum' in something not a structure or union
  vdmaConfig.PointNum = 0;
            ^
../src/helloworld.c:207:12: error: request for member 'EnableFrameCounter' in something not a structure or union
  vdmaConfig.EnableFrameCounter = 0;
            ^
../src/helloworld.c:209:12: error: request for member 'VertSizeInput' in something not a structure or union
  vdmaConfig.VertSizeInput = 400
            ^
../src/helloworld.c:210:2: error: expected ';' before 'vdmaConfig'
  vdmaConfig.HoriSizeInput = (800 * 4);
  ^
../src/helloworld.c:211:12: error: request for member 'FixedFrameStoreAddr' in something not a structure or union
  vdmaConfig.FixedFrameStoreAddr = srcBuffer;
            ^
../src/helloworld.c:212:12: error: request for member 'Stride' in something not a structure or union
  vdmaConfig.Stride = 800 *4;
            ^
../src/helloworld.c:214:21: error: incompatible type for argument 1 of 'XAxiVdma_DmaConfig'
  XAxiVdma_DmaConfig(vdma, XAXIVDMA_READ, &(vdmaConfig));
                     ^
In file included from ../src/helloworld.c:54:0:
../../standalone_bsp_0/ps7_cortexa9_0/include/xaxivdma.h:579:5: note: expected 'XAxiVdma * {aka struct <anonymous> *}' but argument is of type 'XAxiVdma {aka struct <anonymous>}'
 int XAxiVdma_DmaConfig(XAxiVdma *InstancePtr, u16 Direction,
     ^
../src/helloworld.c:214:42: warning: passing argument 3 of 'XAxiVdma_DmaConfig' from incompatible pointer type [-Wincompatible-pointer-types]
  XAxiVdma_DmaConfig(vdma, XAXIVDMA_READ, &(vdmaConfig));
                                          ^
In file included from ../src/helloworld.c:54:0:
../../standalone_bsp_0/ps7_cortexa9_0/include/xaxivdma.h:579:5: note: expected 'XAxiVdma_DmaSetup * {aka struct <anonymous> *}' but argument is of type 'XAxiVdma_Config ** {aka struct <anonymous> **}'
 int XAxiVdma_DmaConfig(XAxiVdma *InstancePtr, u16 Direction,
     ^
../src/helloworld.c:215:28: error: incompatible type for argument 1 of 'XAxiVdma_DmaSetBufferAddr'
  XAxiVdma_DmaSetBufferAddr(vdma, XAXIVDMA_READ,srcBuffer);
                            ^
In file included from ../src/helloworld.c:54:0:
../../standalone_bsp_0/ps7_cortexa9_0/include/xaxivdma.h:581:5: note: expected 'XAxiVdma * {aka struct <anonymous> *}' but argument is of type 'XAxiVdma {aka struct <anonymous>}'
 int XAxiVdma_DmaSetBufferAddr(XAxiVdma *InstancePtr, u16 Direction,
     ^
../src/helloworld.c:215:48: warning: passing argument 3 of 'XAxiVdma_DmaSetBufferAddr' makes pointer from integer without a cast [-Wint-conversion]
  XAxiVdma_DmaSetBufferAddr(vdma, XAXIVDMA_READ,srcBuffer);
                                                ^
In file included from ../src/helloworld.c:54:0:
../../standalone_bsp_0/ps7_cortexa9_0/include/xaxivdma.h:581:5: note: expected 'UINTPTR * {aka unsigned int *}' but argument is of type 'unsigned int'
 int XAxiVdma_DmaSetBufferAddr(XAxiVdma *InstancePtr, u16 Direction,
     ^
../src/helloworld.c:216:20: error: incompatible type for argument 1 of 'XAxiVdma_DmaStart'
  XAxiVdma_DmaStart(vdma, XAXIVDMA_READ);
                    ^
In file included from ../src/helloworld.c:54:0:
../../standalone_bsp_0/ps7_cortexa9_0/include/xaxivdma.h:583:5: note: expected 'XAxiVdma * {aka struct <anonymous> *}' but argument is of type 'XAxiVdma {aka struct <anonymous>}'
 int XAxiVdma_DmaStart(XAxiVdma *InstancePtr, u16 Direction);
     ^
../src/helloworld.c:217:24: error: incompatible type for argument 1 of 'XAxiVdma_StartParking'
  XAxiVdma_StartParking(vdma, 0, XAXIVDMA_READ);
                        ^
In file included from ../src/helloworld.c:54:0:
../../standalone_bsp_0/ps7_cortexa9_0/include/xaxivdma.h:546:5: note: expected 'XAxiVdma * {aka struct <anonymous> *}' but argument is of type 'XAxiVdma {aka struct <anonymous>}'
 int XAxiVdma_StartParking(XAxiVdma *InstancePtr, int FrameIndex,
     ^
../src/helloworld.c:192:6: warning: variable 'pFrames' set but not used [-Wunused-but-set-variable]
  u8 *pFrames[3];     //array of pointers to the frame buffers
      ^
../src/helloworld.c:191:5: warning: variable 'frameBuf' set but not used [-Wunused-but-set-variable]
  u8 frameBuf[3][3];
     ^
../src/helloworld.c:104:14: warning: unused variable 'InstancePtr' [-Wunused-variable]
     XAxiVdma InstancePtr;
              ^
../src/helloworld.c:103:9: warning: unused variable 'vdma_stat' [-Wunused-variable]
     u32 vdma_stat;
         ^
../src/helloworld.c:102:22: warning: unused variable 'Status' [-Wunused-variable]
     u32 height,width,Status;
                      ^
../src/helloworld.c:102:16: warning: unused variable 'width' [-Wunused-variable]
     u32 height,width,Status;
                ^
../src/helloworld.c:102:9: warning: unused variable 'height' [-Wunused-variable]
     u32 height,width,Status;
         ^
../src/helloworld.c:100:35: warning: unused variable 'vtc_offset_init' [-Wunused-variable]
     XVtc_HoriOffsets *vtc_offset,*vtc_offset_init;
                                   ^
../src/helloworld.c:100:23: warning: unused variable 'vtc_offset' [-Wunused-variable]
     XVtc_HoriOffsets *vtc_offset,*vtc_offset_init;
                       ^
../src/helloworld.c:98:18: warning: unused variable 'vtc_signal' [-Wunused-variable]
     XVtc_Signal *vtc_signal;
                  ^
../src/helloworld.c: In function 'IicPsMasterPolledExample':
../src/helloworld.c:385:2: warning: implicit declaration of function 'usleep' [-Wimplicit-function-declaration]
  usleep(200000);
  ^
../src/helloworld.c:230:5: warning: variable 'Image' set but not used [-Wunused-but-set-variable]
  u8 Image[loop][data];
     ^
../src/helloworld.c:226:27: warning: unused variable 'iPixelAddr' [-Wunused-variable]
  int Status,i,segment,x,y,iPixelAddr;
                           ^
../src/helloworld.c:226:25: warning: unused variable 'y' [-Wunused-variable]
  int Status,i,segment,x,y,iPixelAddr;
                         ^
../src/helloworld.c:226:23: warning: unused variable 'x' [-Wunused-variable]
  int Status,i,segment,x,y,iPixelAddr;
                       ^
make: *** [src/helloworld.o] Error 1
17:36:05 **** Incremental Build of configuration Debug for project minized_flir ****
make pre-build main-build 
a9-linaro-pre-build-step
' '
'Building file: ../src/helloworld.c'
'Invoking: ARM v7 gcc compiler'
arm-none-eabi-gcc -Wall -O0 -g3 -c -fmessage-length=0 -MT"src/helloworld.o" -mcpu=cortex-a9 -mfpu=vfpv3 -mfloat-abi=hard -I../../standalone_bsp_0/ps7_cortexa9_0/include -MMD -MP -MF"src/helloworld.d" -MT"src/helloworld.o" -o "src/helloworld.o" "../src/helloworld.c"
../src/helloworld.c: In function 'main':
../src/helloworld.c:189:19: error: conflicting types for 'vdmaConfig'
  XAxiVdma_Config *vdmaConfig;
                   ^
../src/helloworld.c:187:20: note: previous declaration of 'vdmaConfig' was here
  XAxiVdma_DmaSetup vdmaConfig; /*VDMA channel configuration*/
                    ^
../src/helloworld.c:195:7: error: 'i' undeclared (first use in this function)
  for (i = 0; i < 3; i++)
       ^
../src/helloworld.c:195:7: note: each undeclared identifier is reported only once for each function it appears in
../src/helloworld.c:203:12: error: request for member 'FrameDelay' in something not a structure or union
  vdmaConfig.FrameDelay = 0;
            ^
../src/helloworld.c:204:12: error: request for member 'EnableCircularBuf' in something not a structure or union
  vdmaConfig.EnableCircularBuf = 1;
            ^
../src/helloworld.c:205:12: error: request for member 'EnableSync' in something not a structure or union
  vdmaConfig.EnableSync = 0;
            ^
../src/helloworld.c:206:12: error: request for member 'PointNum' in something not a structure or union
  vdmaConfig.PointNum = 0;
            ^
../src/helloworld.c:207:12: error: request for member 'EnableFrameCounter' in something not a structure or union
  vdmaConfig.EnableFrameCounter = 0;
            ^
../src/helloworld.c:209:12: error: request for member 'VertSizeInput' in something not a structure or union
  vdmaConfig.VertSizeInput = 400
            ^
../src/helloworld.c:210:2: error: expected ';' before 'vdmaConfig'
  vdmaConfig.HoriSizeInput = (800 * 4);
  ^
../src/helloworld.c:211:12: error: request for member 'FixedFrameStoreAddr' in something not a structure or union
  vdmaConfig.FixedFrameStoreAddr = srcBuffer;
            ^
../src/helloworld.c:212:12: error: request for member 'Stride' in something not a structure or union
  vdmaConfig.Stride = 800 *4;
            ^
../src/helloworld.c:214:21: error: incompatible type for argument 1 of 'XAxiVdma_DmaConfig'
  XAxiVdma_DmaConfig(vdma, XAXIVDMA_READ, &(vdmaConfig));
                     ^
In file included from ../src/helloworld.c:54:0:
../../standalone_bsp_0/ps7_cortexa9_0/include/xaxivdma.h:579:5: note: expected 'XAxiVdma * {aka struct <anonymous> *}' but argument is of type 'XAxiVdma {aka struct <anonymous>}'
 int XAxiVdma_DmaConfig(XAxiVdma *InstancePtr, u16 Direction,
     ^
../src/helloworld.c:214:42: warning: passing argument 3 of 'XAxiVdma_DmaConfig' from incompatible pointer type [-Wincompatible-pointer-types]
  XAxiVdma_DmaConfig(vdma, XAXIVDMA_READ, &(vdmaConfig));
                                          ^
In file included from ../src/helloworld.c:54:0:
../../standalone_bsp_0/ps7_cortexa9_0/include/xaxivdma.h:579:5: note: expected 'XAxiVdma_DmaSetup * {aka struct <anonymous> *}' but argument is of type 'XAxiVdma_Config ** {aka struct <anonymous> **}'
 int XAxiVdma_DmaConfig(XAxiVdma *InstancePtr, u16 Direction,
     ^
../src/helloworld.c:215:28: error: incompatible type for argument 1 of 'XAxiVdma_DmaSetBufferAddr'
  XAxiVdma_DmaSetBufferAddr(vdma, XAXIVDMA_READ,srcBuffer);
                            ^
In file included from ../src/helloworld.c:54:0:
../../standalone_bsp_0/ps7_cortexa9_0/include/xaxivdma.h:581:5: note: expected 'XAxiVdma * {aka struct <anonymous> *}' but argument is of type 'XAxiVdma {aka struct <anonymous>}'
 int XAxiVdma_DmaSetBufferAddr(XAxiVdma *InstancePtr, u16 Direction,
     ^
../src/helloworld.c:215:48: warning: passing argument 3 of 'XAxiVdma_DmaSetBufferAddr' makes pointer from integer without a cast [-Wint-conversion]
  XAxiVdma_DmaSetBufferAddr(vdma, XAXIVDMA_READ,srcBuffer);
                                                ^
In file included from ../src/helloworld.c:54:0:
../../standalone_bsp_0/ps7_cortexa9_0/include/xaxivdma.h:581:5: note: expected 'UINTPTR * {aka unsigned int *}' but argument is of type 'unsigned int'
 int XAxiVdma_DmaSetBufferAddr(XAxiVdma *InstancePtr, u16 Direction,
     ^
../src/helloworld.c:216:20: error: incompatible type for argument 1 of 'XAxiVdma_DmaStart'
  XAxiVdma_DmaStart(vdma, XAXIVDMA_READ);
                    ^
In file included from ../src/helloworld.c:54:0:
../../standalone_bsp_0/ps7_cortexa9_0/include/xaxivdma.h:583:5: note: expected 'XAxiVdma * {aka struct <anonymous> *}' but argument is of type 'XAxiVdma {aka struct <anonymous>}'
 int XAxiVdma_DmaStart(XAxiVdma *InstancePtr, u16 Direction);
     ^
../src/helloworld.c:217:24: error: incompatible type for argument 1 of 'XAxiVdma_StartParking'
  XAxiVdma_StartParking(vdma, 0, XAXIVDMA_READ);
                        ^
In file included from ../src/helloworld.c:54:0:
../../standalone_bsp_0/ps7_cortexa9_0/include/xaxivdma.h:546:5: note: expected 'XAxiVdma * {aka struct <anonymous> *}' but argument is of type 'XAxiVdma {aka struct <anonymous>}'
 int XAxiVdma_StartParking(XAxiVdma *InstancePtr, int FrameIndex,
     ^
../src/helloworld.c:192:6: warning: variable 'pFrames' set but not used [-Wunused-but-set-variable]
  u8 *pFrames[3];     //array of pointers to the frame buffers
      ^
../src/helloworld.c:191:5: warning: variable 'frameBuf' set but not used [-Wunused-but-set-variable]
  u8 frameBuf[3][3];
     ^
../src/helloworld.c:104:14: warning: unused variable 'InstancePtr' [-Wunused-variable]
     XAxiVdma InstancePtr;
              ^
../src/helloworld.c:103:9: warning: unused variable 'vdma_stat' [-Wunused-variable]
     u32 vdma_stat;
         ^
../src/helloworld.c:102:22: warning: unused variable 'Status' [-Wunused-variable]
     u32 height,width,Status;
                      ^
../src/helloworld.c:102:16: warning: unused variable 'width' [-Wunused-variable]
     u32 height,width,Status;
                ^
../src/helloworld.c:102:9: warning: unused variable 'height' [-Wunused-variable]
     u32 height,width,Status;
         ^
../src/helloworld.c:100:35: warning: unused variable 'vtc_offset_init' [-Wunused-variable]
     XVtc_HoriOffsets *vtc_offset,*vtc_offset_init;
                                   ^
../src/helloworld.c:100:23: warning: unused variable 'vtc_offset' [-Wunused-variable]
     XVtc_HoriOffsets *vtc_offset,*vtc_offset_init;
                       ^
../src/helloworld.c:98:18: warning: unused variable 'vtc_signal' [-Wunused-variable]
     XVtc_Signal *vtc_signal;
                  ^
../src/helloworld.c: In function 'IicPsMasterPolledExample':
../src/helloworld.c:385:2: warning: implicit declaration of function 'usleep' [-Wimplicit-function-declaration]
  usleep(200000);
  ^
../src/helloworld.c:230:5: warning: variable 'Image' set but not used [-Wunused-but-set-variable]
  u8 Image[loop][data];
     ^
../src/helloworld.c:226:27: warning: unused variable 'iPixelAddr' [-Wunused-variable]
  int Status,i,segment,x,y,iPixelAddr;
                           ^
../src/helloworld.c:226:25: warning: unused variable 'y' [-Wunused-variable]
  int Status,i,segment,x,y,iPixelAddr;
                         ^
../src/helloworld.c:226:23: warning: unused variable 'x' [-Wunused-variable]
  int Status,i,segment,x,y,iPixelAddr;
                       ^
make: *** [src/helloworld.o] Error 1
17:36:33 **** Incremental Build of configuration Debug for project minized_flir ****
make pre-build main-build 
a9-linaro-pre-build-step
' '
'Building file: ../src/helloworld.c'
'Invoking: ARM v7 gcc compiler'
arm-none-eabi-gcc -Wall -O0 -g3 -c -fmessage-length=0 -MT"src/helloworld.o" -mcpu=cortex-a9 -mfpu=vfpv3 -mfloat-abi=hard -I../../standalone_bsp_0/ps7_cortexa9_0/include -MMD -MP -MF"src/helloworld.d" -MT"src/helloworld.o" -o "src/helloworld.o" "../src/helloworld.c"
../src/helloworld.c: In function 'main':
../src/helloworld.c:195:7: error: 'i' undeclared (first use in this function)
  for (i = 0; i < 3; i++)
       ^
../src/helloworld.c:195:7: note: each undeclared identifier is reported only once for each function it appears in
../src/helloworld.c:203:12: error: request for member 'FrameDelay' in something not a structure or union
  vdmaConfig.FrameDelay = 0;
            ^
../src/helloworld.c:204:12: error: request for member 'EnableCircularBuf' in something not a structure or union
  vdmaConfig.EnableCircularBuf = 1;
            ^
../src/helloworld.c:205:12: error: request for member 'EnableSync' in something not a structure or union
  vdmaConfig.EnableSync = 0;
            ^
../src/helloworld.c:206:12: error: request for member 'PointNum' in something not a structure or union
  vdmaConfig.PointNum = 0;
            ^
../src/helloworld.c:207:12: error: request for member 'EnableFrameCounter' in something not a structure or union
  vdmaConfig.EnableFrameCounter = 0;
            ^
../src/helloworld.c:209:12: error: request for member 'VertSizeInput' in something not a structure or union
  vdmaConfig.VertSizeInput = 400
            ^
../src/helloworld.c:210:2: error: expected ';' before 'vdmaConfig'
  vdmaConfig.HoriSizeInput = (800 * 4);
  ^
../src/helloworld.c:211:12: error: request for member 'FixedFrameStoreAddr' in something not a structure or union
  vdmaConfig.FixedFrameStoreAddr = srcBuffer;
            ^
../src/helloworld.c:212:12: error: request for member 'Stride' in something not a structure or union
  vdmaConfig.Stride = 800 *4;
            ^
../src/helloworld.c:214:21: error: incompatible type for argument 1 of 'XAxiVdma_DmaConfig'
  XAxiVdma_DmaConfig(vdma, XAXIVDMA_READ, &(vdmaConfig));
                     ^
In file included from ../src/helloworld.c:54:0:
../../standalone_bsp_0/ps7_cortexa9_0/include/xaxivdma.h:579:5: note: expected 'XAxiVdma * {aka struct <anonymous> *}' but argument is of type 'XAxiVdma {aka struct <anonymous>}'
 int XAxiVdma_DmaConfig(XAxiVdma *InstancePtr, u16 Direction,
     ^
../src/helloworld.c:214:42: warning: passing argument 3 of 'XAxiVdma_DmaConfig' from incompatible pointer type [-Wincompatible-pointer-types]
  XAxiVdma_DmaConfig(vdma, XAXIVDMA_READ, &(vdmaConfig));
                                          ^
In file included from ../src/helloworld.c:54:0:
../../standalone_bsp_0/ps7_cortexa9_0/include/xaxivdma.h:579:5: note: expected 'XAxiVdma_DmaSetup * {aka struct <anonymous> *}' but argument is of type 'XAxiVdma_Config ** {aka struct <anonymous> **}'
 int XAxiVdma_DmaConfig(XAxiVdma *InstancePtr, u16 Direction,
     ^
../src/helloworld.c:215:28: error: incompatible type for argument 1 of 'XAxiVdma_DmaSetBufferAddr'
  XAxiVdma_DmaSetBufferAddr(vdma, XAXIVDMA_READ,srcBuffer);
                            ^
In file included from ../src/helloworld.c:54:0:
../../standalone_bsp_0/ps7_cortexa9_0/include/xaxivdma.h:581:5: note: expected 'XAxiVdma * {aka struct <anonymous> *}' but argument is of type 'XAxiVdma {aka struct <anonymous>}'
 int XAxiVdma_DmaSetBufferAddr(XAxiVdma *InstancePtr, u16 Direction,
     ^
../src/helloworld.c:215:48: warning: passing argument 3 of 'XAxiVdma_DmaSetBufferAddr' makes pointer from integer without a cast [-Wint-conversion]
  XAxiVdma_DmaSetBufferAddr(vdma, XAXIVDMA_READ,srcBuffer);
                                                ^
In file included from ../src/helloworld.c:54:0:
../../standalone_bsp_0/ps7_cortexa9_0/include/xaxivdma.h:581:5: note: expected 'UINTPTR * {aka unsigned int *}' but argument is of type 'unsigned int'
 int XAxiVdma_DmaSetBufferAddr(XAxiVdma *InstancePtr, u16 Direction,
     ^
../src/helloworld.c:216:20: error: incompatible type for argument 1 of 'XAxiVdma_DmaStart'
  XAxiVdma_DmaStart(vdma, XAXIVDMA_READ);
                    ^
In file included from ../src/helloworld.c:54:0:
../../standalone_bsp_0/ps7_cortexa9_0/include/xaxivdma.h:583:5: note: expected 'XAxiVdma * {aka struct <anonymous> *}' but argument is of type 'XAxiVdma {aka struct <anonymous>}'
 int XAxiVdma_DmaStart(XAxiVdma *InstancePtr, u16 Direction);
     ^
../src/helloworld.c:217:24: error: incompatible type for argument 1 of 'XAxiVdma_StartParking'
  XAxiVdma_StartParking(vdma, 0, XAXIVDMA_READ);
                        ^
In file included from ../src/helloworld.c:54:0:
../../standalone_bsp_0/ps7_cortexa9_0/include/xaxivdma.h:546:5: note: expected 'XAxiVdma * {aka struct <anonymous> *}' but argument is of type 'XAxiVdma {aka struct <anonymous>}'
 int XAxiVdma_StartParking(XAxiVdma *InstancePtr, int FrameIndex,
     ^
../src/helloworld.c:192:6: warning: variable 'pFrames' set but not used [-Wunused-but-set-variable]
  u8 *pFrames[3];     //array of pointers to the frame buffers
      ^
../src/helloworld.c:191:5: warning: variable 'frameBuf' set but not used [-Wunused-but-set-variable]
  u8 frameBuf[3][3];
     ^
../src/helloworld.c:104:14: warning: unused variable 'InstancePtr' [-Wunused-variable]
     XAxiVdma InstancePtr;
              ^
../src/helloworld.c:103:9: warning: unused variable 'vdma_stat' [-Wunused-variable]
     u32 vdma_stat;
         ^
../src/helloworld.c:102:22: warning: unused variable 'Status' [-Wunused-variable]
     u32 height,width,Status;
                      ^
../src/helloworld.c:102:16: warning: unused variable 'width' [-Wunused-variable]
     u32 height,width,Status;
                ^
../src/helloworld.c:102:9: warning: unused variable 'height' [-Wunused-variable]
     u32 height,width,Status;
         ^
../src/helloworld.c:100:35: warning: unused variable 'vtc_offset_init' [-Wunused-variable]
     XVtc_HoriOffsets *vtc_offset,*vtc_offset_init;
                                   ^
../src/helloworld.c:100:23: warning: unused variable 'vtc_offset' [-Wunused-variable]
     XVtc_HoriOffsets *vtc_offset,*vtc_offset_init;
                       ^
../src/helloworld.c:98:18: warning: unused variable 'vtc_signal' [-Wunused-variable]
     XVtc_Signal *vtc_signal;
                  ^
../src/helloworld.c: In function 'IicPsMasterPolledExample':
../src/helloworld.c:385:2: warning: implicit declaration of function 'usleep' [-Wimplicit-function-declaration]
  usleep(200000);
  ^
../src/helloworld.c:230:5: warning: variable 'Image' set but not used [-Wunused-but-set-variable]
  u8 Image[loop][data];
     ^
../src/helloworld.c:226:27: warning: unused variable 'iPixelAddr' [-Wunused-variable]
  int Status,i,segment,x,y,iPixelAddr;
                           ^
../src/helloworld.c:226:25: warning: unused variable 'y' [-Wunused-variable]
  int Status,i,segment,x,y,iPixelAddr;
                         ^
../src/helloworld.c:226:23: warning: unused variable 'x' [-Wunused-variable]
  int Status,i,segment,x,y,iPixelAddr;
                       ^
make: *** [src/helloworld.o] Error 1
17:36:48 **** Incremental Build of configuration Debug for project minized_flir ****
make pre-build main-build 
a9-linaro-pre-build-step
' '
'Building file: ../src/helloworld.c'
'Invoking: ARM v7 gcc compiler'
arm-none-eabi-gcc -Wall -O0 -g3 -c -fmessage-length=0 -MT"src/helloworld.o" -mcpu=cortex-a9 -mfpu=vfpv3 -mfloat-abi=hard -I../../standalone_bsp_0/ps7_cortexa9_0/include -MMD -MP -MF"src/helloworld.d" -MT"src/helloworld.o" -o "src/helloworld.o" "../src/helloworld.c"
../src/helloworld.c: In function 'main':
../src/helloworld.c:203:12: error: request for member 'FrameDelay' in something not a structure or union
  vdmaConfig.FrameDelay = 0;
            ^
../src/helloworld.c:204:12: error: request for member 'EnableCircularBuf' in something not a structure or union
  vdmaConfig.EnableCircularBuf = 1;
            ^
../src/helloworld.c:205:12: error: request for member 'EnableSync' in something not a structure or union
  vdmaConfig.EnableSync = 0;
            ^
../src/helloworld.c:206:12: error: request for member 'PointNum' in something not a structure or union
  vdmaConfig.PointNum = 0;
            ^
../src/helloworld.c:207:12: error: request for member 'EnableFrameCounter' in something not a structure or union
  vdmaConfig.EnableFrameCounter = 0;
            ^
../src/helloworld.c:209:12: error: request for member 'VertSizeInput' in something not a structure or union
  vdmaConfig.VertSizeInput = 400
            ^
../src/helloworld.c:210:2: error: expected ';' before 'vdmaConfig'
  vdmaConfig.HoriSizeInput = (800 * 4);
  ^
../src/helloworld.c:211:12: error: request for member 'FixedFrameStoreAddr' in something not a structure or union
  vdmaConfig.FixedFrameStoreAddr = srcBuffer;
            ^
../src/helloworld.c:212:12: error: request for member 'Stride' in something not a structure or union
  vdmaConfig.Stride = 800 *4;
            ^
../src/helloworld.c:214:21: error: incompatible type for argument 1 of 'XAxiVdma_DmaConfig'
  XAxiVdma_DmaConfig(vdma, XAXIVDMA_READ, &(vdmaConfig));
                     ^
In file included from ../src/helloworld.c:54:0:
../../standalone_bsp_0/ps7_cortexa9_0/include/xaxivdma.h:579:5: note: expected 'XAxiVdma * {aka struct <anonymous> *}' but argument is of type 'XAxiVdma {aka struct <anonymous>}'
 int XAxiVdma_DmaConfig(XAxiVdma *InstancePtr, u16 Direction,
     ^
../src/helloworld.c:214:42: warning: passing argument 3 of 'XAxiVdma_DmaConfig' from incompatible pointer type [-Wincompatible-pointer-types]
  XAxiVdma_DmaConfig(vdma, XAXIVDMA_READ, &(vdmaConfig));
                                          ^
In file included from ../src/helloworld.c:54:0:
../../standalone_bsp_0/ps7_cortexa9_0/include/xaxivdma.h:579:5: note: expected 'XAxiVdma_DmaSetup * {aka struct <anonymous> *}' but argument is of type 'XAxiVdma_Config ** {aka struct <anonymous> **}'
 int XAxiVdma_DmaConfig(XAxiVdma *InstancePtr, u16 Direction,
     ^
../src/helloworld.c:215:28: error: incompatible type for argument 1 of 'XAxiVdma_DmaSetBufferAddr'
  XAxiVdma_DmaSetBufferAddr(vdma, XAXIVDMA_READ,srcBuffer);
                            ^
In file included from ../src/helloworld.c:54:0:
../../standalone_bsp_0/ps7_cortexa9_0/include/xaxivdma.h:581:5: note: expected 'XAxiVdma * {aka struct <anonymous> *}' but argument is of type 'XAxiVdma {aka struct <anonymous>}'
 int XAxiVdma_DmaSetBufferAddr(XAxiVdma *InstancePtr, u16 Direction,
     ^
[...]
'Finished building target: minized_flir.elf'
' '
'Invoking: ARM v7 Print Size'
arm-none-eabi-size minized_flir.elf  |tee "minized_flir.elf.size"
   text	   data	    bss	    dec	    hex	filename
 111728	   2756	4880144	4994628	 4c3644	minized_flir.elf
'Finished building: minized_flir.elf.size'
' '
15:35:57 **** Incremental Build of configuration Debug for project minized_flir ****
make pre-build main-build 
a9-linaro-pre-build-step
' '
make: Nothing to be done for `main-build'.
16:27:39 **** Incremental Build of configuration Debug for project minized_flir ****
make pre-build main-build 
a9-linaro-pre-build-step
' '
'Building file: ../src/helloworld.c'
'Invoking: ARM v7 gcc compiler'
arm-none-eabi-gcc -Wall -O0 -g3 -c -fmessage-length=0 -MT"src/helloworld.o" -mcpu=cortex-a9 -mfpu=vfpv3 -mfloat-abi=hard -I../../standalone_bsp_0/ps7_cortexa9_0/include -MMD -MP -MF"src/helloworld.d" -MT"src/helloworld.o" -o "src/helloworld.o" "../src/helloworld.c"
../src/helloworld.c: In function 'IicPsMasterPolledExample':
../src/helloworld.c:296:26: warning: assignment makes pointer from integer without a cast [-Wint-conversion]
      pFrames[iPixelAddr] =  0xaa000000;
                          ^
../src/helloworld.c:301:1: warning: implicit declaration of function 'Xil_DCacheFlushRange' [-Wimplicit-function-declaration]
 Xil_DCacheFlushRange((unsigned int) pFrames, DEMO_MAX_FRAME);
 ^
../src/helloworld.c:328:25: warning: assignment makes pointer from integer without a cast [-Wint-conversion]
     pFrames[iPixelAddr] = Image[(y/8)][(x/8)+4];
                         ^
'Finished building: ../src/helloworld.c'
' '
'Building target: minized_flir.elf'
'Invoking: ARM v7 gcc linker'
arm-none-eabi-gcc -mcpu=cortex-a9 -mfpu=vfpv3 -mfloat-abi=hard -Wl,-build-id=none -specs=Xilinx.spec -Wl,-T -Wl,../src/lscript.ld -L../../standalone_bsp_0/ps7_cortexa9_0/lib -o "minized_flir.elf"  ./src/helloworld.o ./src/platform.o ./src/vdma_api.o   -Wl,--start-group,-lxil,-lgcc,-lc,--end-group
'Finished building target: minized_flir.elf'
' '
'Invoking: ARM v7 Print Size'
arm-none-eabi-size minized_flir.elf  |tee "minized_flir.elf.size"
   text	   data	    bss	    dec	    hex	filename
 111728	   2756	4880144	4994628	 4c3644	minized_flir.elf
'Finished building: minized_flir.elf.size'
' '
16:33:56 **** Incremental Build of configuration Debug for project minized_flir ****
make pre-build main-build 
a9-linaro-pre-build-step
' '
'Building file: ../src/helloworld.c'
'Invoking: ARM v7 gcc compiler'
arm-none-eabi-gcc -Wall -O0 -g3 -c -fmessage-length=0 -MT"src/helloworld.o" -mcpu=cortex-a9 -mfpu=vfpv3 -mfloat-abi=hard -I../../standalone_bsp_0/ps7_cortexa9_0/include -MMD -MP -MF"src/helloworld.d" -MT"src/helloworld.o" -o "src/helloworld.o" "../src/helloworld.c"
../src/helloworld.c: In function 'IicPsMasterPolledExample':
../src/helloworld.c:296:26: warning: assignment makes pointer from integer without a cast [-Wint-conversion]
      pFrames[iPixelAddr] =  0xaa000000;
                          ^
../src/helloworld.c:301:1: warning: implicit declaration of function 'Xil_DCacheFlushRange' [-Wimplicit-function-declaration]
 Xil_DCacheFlushRange((unsigned int) pFrames, DEMO_MAX_FRAME);
 ^
../src/helloworld.c:327:25: warning: assignment makes pointer from integer without a cast [-Wint-conversion]
     pFrames[iPixelAddr] = (u32)(Image[(y/8)][(x/8)+4]<<16|Image[(y/8)][(x/8)+4]<<8|Image[(y/8)][(x/8)+4]);
                         ^
'Finished building: ../src/helloworld.c'
' '
'Building target: minized_flir.elf'
'Invoking: ARM v7 gcc linker'
arm-none-eabi-gcc -mcpu=cortex-a9 -mfpu=vfpv3 -mfloat-abi=hard -Wl,-build-id=none -specs=Xilinx.spec -Wl,-T -Wl,../src/lscript.ld -L../../standalone_bsp_0/ps7_cortexa9_0/lib -o "minized_flir.elf"  ./src/helloworld.o ./src/platform.o ./src/vdma_api.o   -Wl,--start-group,-lxil,-lgcc,-lc,--end-group
'Finished building target: minized_flir.elf'
' '
'Invoking: ARM v7 Print Size'
arm-none-eabi-size minized_flir.elf  |tee "minized_flir.elf.size"
   text	   data	    bss	    dec	    hex	filename
 111984	   2756	4880144	4994884	 4c3744	minized_flir.elf
'Finished building: minized_flir.elf.size'
' '
16:34:59 **** Incremental Build of configuration Debug for project minized_flir ****
make pre-build main-build 
a9-linaro-pre-build-step
' '
'Building file: ../src/helloworld.c'
'Invoking: ARM v7 gcc compiler'
arm-none-eabi-gcc -Wall -O0 -g3 -c -fmessage-length=0 -MT"src/helloworld.o" -mcpu=cortex-a9 -mfpu=vfpv3 -mfloat-abi=hard -I../../standalone_bsp_0/ps7_cortexa9_0/include -MMD -MP -MF"src/helloworld.d" -MT"src/helloworld.o" -o "src/helloworld.o" "../src/helloworld.c"
../src/helloworld.c: In function 'IicPsMasterPolledExample':
../src/helloworld.c:296:26: warning: assignment makes pointer from integer without a cast [-Wint-conversion]
      pFrames[iPixelAddr] =  0xaa000000;
                          ^
../src/helloworld.c:301:1: warning: implicit declaration of function 'Xil_DCacheFlushRange' [-Wimplicit-function-declaration]
 Xil_DCacheFlushRange((unsigned int) pFrames, DEMO_MAX_FRAME);
 ^
../src/helloworld.c:328:25: warning: assignment makes pointer from integer without a cast [-Wint-conversion]
     pFrames[iPixelAddr] = op;
                         ^
'Finished building: ../src/helloworld.c'
' '
'Building target: minized_flir.elf'
'Invoking: ARM v7 gcc linker'
arm-none-eabi-gcc -mcpu=cortex-a9 -mfpu=vfpv3 -mfloat-abi=hard -Wl,-build-id=none -specs=Xilinx.spec -Wl,-T -Wl,../src/lscript.ld -L../../standalone_bsp_0/ps7_cortexa9_0/lib -o "minized_flir.elf"  ./src/helloworld.o ./src/platform.o ./src/vdma_api.o   -Wl,--start-group,-lxil,-lgcc,-lc,--end-group
'Finished building target: minized_flir.elf'
' '
'Invoking: ARM v7 Print Size'
arm-none-eabi-size minized_flir.elf  |tee "minized_flir.elf.size"
   text	   data	    bss	    dec	    hex	filename
 111984	   2756	4880144	4994884	 4c3744	minized_flir.elf
'Finished building: minized_flir.elf.size'
' '
16:36:07 **** Incremental Build of configuration Debug for project minized_flir ****
make pre-build main-build 
a9-linaro-pre-build-step
' '
'Building file: ../src/helloworld.c'
'Invoking: ARM v7 gcc compiler'
arm-none-eabi-gcc -Wall -O0 -g3 -c -fmessage-length=0 -MT"src/helloworld.o" -mcpu=cortex-a9 -mfpu=vfpv3 -mfloat-abi=hard -I../../standalone_bsp_0/ps7_cortexa9_0/include -MMD -MP -MF"src/helloworld.d" -MT"src/helloworld.o" -o "src/helloworld.o" "../src/helloworld.c"
../src/helloworld.c: In function 'IicPsMasterPolledExample':
../src/helloworld.c:296:26: warning: assignment makes pointer from integer without a cast [-Wint-conversion]
      pFrames[iPixelAddr] =  0xaa000000;
                          ^
../src/helloworld.c:301:1: warning: implicit declaration of function 'Xil_DCacheFlushRange' [-Wimplicit-function-declaration]
 Xil_DCacheFlushRange((unsigned int) pFrames, DEMO_MAX_FRAME);
 ^
../src/helloworld.c:329:25: warning: assignment makes pointer from integer without a cast [-Wint-conversion]
     pFrames[iPixelAddr] = Image[(y/8)][(x/8)+4];
                         ^
../src/helloworld.c:327:9: warning: unused variable 'op' [-Wunused-variable]
     u32 op = (u32)(Image[(y/8)][(x/8)+4]<<16|Image[(y/8)][(x/8)+4]<<8|Image[(y/8)][(x/8)+4]);
         ^
'Finished building: ../src/helloworld.c'
' '
'Building target: minized_flir.elf'
'Invoking: ARM v7 gcc linker'
arm-none-eabi-gcc -mcpu=cortex-a9 -mfpu=vfpv3 -mfloat-abi=hard -Wl,-build-id=none -specs=Xilinx.spec -Wl,-T -Wl,../src/lscript.ld -L../../standalone_bsp_0/ps7_cortexa9_0/lib -o "minized_flir.elf"  ./src/helloworld.o ./src/platform.o ./src/vdma_api.o   -Wl,--start-group,-lxil,-lgcc,-lc,--end-group
'Finished building target: minized_flir.elf'
' '
'Invoking: ARM v7 Print Size'
arm-none-eabi-size minized_flir.elf  |tee "minized_flir.elf.size"
   text	   data	    bss	    dec	    hex	filename
 112048	   2756	4880144	4994948	 4c3784	minized_flir.elf
'Finished building: minized_flir.elf.size'
' '
16:36:28 **** Incremental Build of configuration Debug for project minized_flir ****
make pre-build main-build 
a9-linaro-pre-build-step
' '
make: Nothing to be done for `main-build'.
16:37:07 **** Incremental Build of configuration Debug for project minized_flir ****
make pre-build main-build 
a9-linaro-pre-build-step
' '
'Building file: ../src/helloworld.c'
'Invoking: ARM v7 gcc compiler'
arm-none-eabi-gcc -Wall -O0 -g3 -c -fmessage-length=0 -MT"src/helloworld.o" -mcpu=cortex-a9 -mfpu=vfpv3 -mfloat-abi=hard -I../../standalone_bsp_0/ps7_cortexa9_0/include -MMD -MP -MF"src/helloworld.d" -MT"src/helloworld.o" -o "src/helloworld.o" "../src/helloworld.c"
../src/helloworld.c: In function 'IicPsMasterPolledExample':
../src/helloworld.c:296:26: warning: assignment makes pointer from integer without a cast [-Wint-conversion]
      pFrames[iPixelAddr] =  0xaa000000;
                          ^
../src/helloworld.c:301:1: warning: implicit declaration of function 'Xil_DCacheFlushRange' [-Wimplicit-function-declaration]
 Xil_DCacheFlushRange((unsigned int) pFrames, DEMO_MAX_FRAME);
 ^
../src/helloworld.c:329:25: warning: assignment makes pointer from integer without a cast [-Wint-conversion]
     pFrames[iPixelAddr] = Image[(y/8)][(x/8)+4];
                         ^
../src/helloworld.c:327:9: warning: unused variable 'op' [-Wunused-variable]
     u32 op = (u32)Image[(y/8)][(x/8)+4];
         ^
'Finished building: ../src/helloworld.c'
' '
'Building target: minized_flir.elf'
'Invoking: ARM v7 gcc linker'
arm-none-eabi-gcc -mcpu=cortex-a9 -mfpu=vfpv3 -mfloat-abi=hard -Wl,-build-id=none -specs=Xilinx.spec -Wl,-T -Wl,../src/lscript.ld -L../../standalone_bsp_0/ps7_cortexa9_0/lib -o "minized_flir.elf"  ./src/helloworld.o ./src/platform.o ./src/vdma_api.o   -Wl,--start-group,-lxil,-lgcc,-lc,--end-group
'Finished building target: minized_flir.elf'
' '
'Invoking: ARM v7 Print Size'
arm-none-eabi-size minized_flir.elf  |tee "minized_flir.elf.size"
   text	   data	    bss	    dec	    hex	filename
 111856	   2756	4880144	4994756	 4c36c4	minized_flir.elf
'Finished building: minized_flir.elf.size'
' '
16:37:13 **** Incremental Build of configuration Debug for project minized_flir ****
make pre-build main-build 
a9-linaro-pre-build-step
' '
make: Nothing to be done for `main-build'.
16:38:06 **** Incremental Build of configuration Debug for project minized_flir ****
make pre-build main-build 
a9-linaro-pre-build-step
' '
'Building file: ../src/helloworld.c'
'Invoking: ARM v7 gcc compiler'
arm-none-eabi-gcc -Wall -O0 -g3 -c -fmessage-length=0 -MT"src/helloworld.o" -mcpu=cortex-a9 -mfpu=vfpv3 -mfloat-abi=hard -I../../standalone_bsp_0/ps7_cortexa9_0/include -MMD -MP -MF"src/helloworld.d" -MT"src/helloworld.o" -o "src/helloworld.o" "../src/helloworld.c"
../src/helloworld.c: In function 'IicPsMasterPolledExample':
../src/helloworld.c:296:26: warning: assignment makes pointer from integer without a cast [-Wint-conversion]
      pFrames[iPixelAddr] =  0xaa000000;
                          ^
../src/helloworld.c:301:1: warning: implicit declaration of function 'Xil_DCacheFlushRange' [-Wimplicit-function-declaration]
 Xil_DCacheFlushRange((unsigned int) pFrames, DEMO_MAX_FRAME);
 ^
../src/helloworld.c:329:25: warning: assignment makes pointer from integer without a cast [-Wint-conversion]
     pFrames[iPixelAddr] = Image[(y/8)][(x/8)+4];
                         ^
'Finished building: ../src/helloworld.c'
' '
'Building target: minized_flir.elf'
'Invoking: ARM v7 gcc linker'
arm-none-eabi-gcc -mcpu=cortex-a9 -mfpu=vfpv3 -mfloat-abi=hard -Wl,-build-id=none -specs=Xilinx.spec -Wl,-T -Wl,../src/lscript.ld -L../../standalone_bsp_0/ps7_cortexa9_0/lib -o "minized_flir.elf"  ./src/helloworld.o ./src/platform.o ./src/vdma_api.o   -Wl,--start-group,-lxil,-lgcc,-lc,--end-group
'Finished building target: minized_flir.elf'
' '
'Invoking: ARM v7 Print Size'
arm-none-eabi-size minized_flir.elf  |tee "minized_flir.elf.size"
   text	   data	    bss	    dec	    hex	filename
 111728	   2756	4880144	4994628	 4c3644	minized_flir.elf
'Finished building: minized_flir.elf.size'
' '
16:38:44 **** Incremental Build of configuration Debug for project minized_flir ****
make pre-build main-build 
a9-linaro-pre-build-step
' '
'Building file: ../src/helloworld.c'
'Invoking: ARM v7 gcc compiler'
arm-none-eabi-gcc -Wall -O0 -g3 -c -fmessage-length=0 -MT"src/helloworld.o" -mcpu=cortex-a9 -mfpu=vfpv3 -mfloat-abi=hard -I../../standalone_bsp_0/ps7_cortexa9_0/include -MMD -MP -MF"src/helloworld.d" -MT"src/helloworld.o" -o "src/helloworld.o" "../src/helloworld.c"
../src/helloworld.c: In function 'IicPsMasterPolledExample':
../src/helloworld.c:296:26: warning: assignment makes pointer from integer without a cast [-Wint-conversion]
      pFrames[iPixelAddr] =  0xaa000000;
                          ^
../src/helloworld.c:301:1: warning: implicit declaration of function 'Xil_DCacheFlushRange' [-Wimplicit-function-declaration]
 Xil_DCacheFlushRange((unsigned int) pFrames, DEMO_MAX_FRAME);
 ^
../src/helloworld.c:329:25: warning: assignment makes pointer from integer without a cast [-Wint-conversion]
     pFrames[iPixelAddr] = Image[(y/8)][(x/8)+4];
                         ^
../src/helloworld.c:327:9: warning: unused variable 'op' [-Wunused-variable]
     u32 op = (u32)Image[(y/8)][(x/8)+4];
         ^
'Finished building: ../src/helloworld.c'
' '
'Building target: minized_flir.elf'
'Invoking: ARM v7 gcc linker'
arm-none-eabi-gcc -mcpu=cortex-a9 -mfpu=vfpv3 -mfloat-abi=hard -Wl,-build-id=none -specs=Xilinx.spec -Wl,-T -Wl,../src/lscript.ld -L../../standalone_bsp_0/ps7_cortexa9_0/lib -o "minized_flir.elf"  ./src/helloworld.o ./src/platform.o ./src/vdma_api.o   -Wl,--start-group,-lxil,-lgcc,-lc,--end-group
'Finished building target: minized_flir.elf'
' '
'Invoking: ARM v7 Print Size'
arm-none-eabi-size minized_flir.elf  |tee "minized_flir.elf.size"
   text	   data	    bss	    dec	    hex	filename
 111856	   2756	4880144	4994756	 4c36c4	minized_flir.elf
'Finished building: minized_flir.elf.size'
' '
16:39:21 **** Incremental Build of configuration Debug for project minized_flir ****
make pre-build main-build 
a9-linaro-pre-build-step
' '
'Building file: ../src/helloworld.c'
'Invoking: ARM v7 gcc compiler'
arm-none-eabi-gcc -Wall -O0 -g3 -c -fmessage-length=0 -MT"src/helloworld.o" -mcpu=cortex-a9 -mfpu=vfpv3 -mfloat-abi=hard -I../../standalone_bsp_0/ps7_cortexa9_0/include -MMD -MP -MF"src/helloworld.d" -MT"src/helloworld.o" -o "src/helloworld.o" "../src/helloworld.c"
../src/helloworld.c: In function 'IicPsMasterPolledExample':
../src/helloworld.c:296:26: warning: assignment makes pointer from integer without a cast [-Wint-conversion]
      pFrames[iPixelAddr] =  0xaa000000;
                          ^
../src/helloworld.c:301:1: warning: implicit declaration of function 'Xil_DCacheFlushRange' [-Wimplicit-function-declaration]
 Xil_DCacheFlushRange((unsigned int) pFrames, DEMO_MAX_FRAME);
 ^
../src/helloworld.c:329:25: warning: assignment makes pointer from integer without a cast [-Wint-conversion]
     pFrames[iPixelAddr] = Image[(y/8)][(x/8)+4];
                         ^
../src/helloworld.c:327:9: warning: unused variable 'op' [-Wunused-variable]
     u32 op = Image[(y/8)][(x/8)+4];
         ^
'Finished building: ../src/helloworld.c'
' '
'Building target: minized_flir.elf'
'Invoking: ARM v7 gcc linker'
arm-none-eabi-gcc -mcpu=cortex-a9 -mfpu=vfpv3 -mfloat-abi=hard -Wl,-build-id=none -specs=Xilinx.spec -Wl,-T -Wl,../src/lscript.ld -L../../standalone_bsp_0/ps7_cortexa9_0/lib -o "minized_flir.elf"  ./src/helloworld.o ./src/platform.o ./src/vdma_api.o   -Wl,--start-group,-lxil,-lgcc,-lc,--end-group
'Finished building target: minized_flir.elf'
' '
'Invoking: ARM v7 Print Size'
arm-none-eabi-size minized_flir.elf  |tee "minized_flir.elf.size"
   text	   data	    bss	    dec	    hex	filename
 111856	   2756	4880144	4994756	 4c36c4	minized_flir.elf
'Finished building: minized_flir.elf.size'
' '
16:40:07 **** Incremental Build of configuration Debug for project minized_flir ****
make pre-build main-build 
a9-linaro-pre-build-step
' '
'Building file: ../src/helloworld.c'
'Invoking: ARM v7 gcc compiler'
arm-none-eabi-gcc -Wall -O0 -g3 -c -fmessage-length=0 -MT"src/helloworld.o" -mcpu=cortex-a9 -mfpu=vfpv3 -mfloat-abi=hard -I../../standalone_bsp_0/ps7_cortexa9_0/include -MMD -MP -MF"src/helloworld.d" -MT"src/helloworld.o" -o "src/helloworld.o" "../src/helloworld.c"
../src/helloworld.c: In function 'IicPsMasterPolledExample':
../src/helloworld.c:296:26: warning: assignment makes pointer from integer without a cast [-Wint-conversion]
      pFrames[iPixelAddr] =  0xaa000000;
                          ^
../src/helloworld.c:301:1: warning: implicit declaration of function 'Xil_DCacheFlushRange' [-Wimplicit-function-declaration]
 Xil_DCacheFlushRange((unsigned int) pFrames, DEMO_MAX_FRAME);
 ^
../src/helloworld.c:329:25: warning: assignment makes pointer from integer without a cast [-Wint-conversion]
     pFrames[iPixelAddr] = Image[(y/8)][(x/8)+4];
                         ^
../src/helloworld.c:138:6: warning: variable 'op' set but not used [-Wunused-but-set-variable]
  u32 op ;
      ^
'Finished building: ../src/helloworld.c'
' '
'Building target: minized_flir.elf'
'Invoking: ARM v7 gcc linker'
arm-none-eabi-gcc -mcpu=cortex-a9 -mfpu=vfpv3 -mfloat-abi=hard -Wl,-build-id=none -specs=Xilinx.spec -Wl,-T -Wl,../src/lscript.ld -L../../standalone_bsp_0/ps7_cortexa9_0/lib -o "minized_flir.elf"  ./src/helloworld.o ./src/platform.o ./src/vdma_api.o   -Wl,--start-group,-lxil,-lgcc,-lc,--end-group
'Finished building target: minized_flir.elf'
' '
'Invoking: ARM v7 Print Size'
arm-none-eabi-size minized_flir.elf  |tee "minized_flir.elf.size"
   text	   data	    bss	    dec	    hex	filename
 111856	   2756	4880144	4994756	 4c36c4	minized_flir.elf
'Finished building: minized_flir.elf.size'
' '
16:40:37 **** Incremental Build of configuration Debug for project minized_flir ****
make pre-build main-build 
a9-linaro-pre-build-step
' '
make: Nothing to be done for `main-build'.
16:41:52 **** Incremental Build of configuration Debug for project minized_flir ****
make pre-build main-build 
a9-linaro-pre-build-step
' '
'Building file: ../src/helloworld.c'
'Invoking: ARM v7 gcc compiler'
arm-none-eabi-gcc -Wall -O0 -g3 -c -fmessage-length=0 -MT"src/helloworld.o" -mcpu=cortex-a9 -mfpu=vfpv3 -mfloat-abi=hard -I../../standalone_bsp_0/ps7_cortexa9_0/include -MMD -MP -MF"src/helloworld.d" -MT"src/helloworld.o" -o "src/helloworld.o" "../src/helloworld.c"
../src/helloworld.c: In function 'IicPsMasterPolledExample':
../src/helloworld.c:296:26: warning: assignment makes pointer from integer without a cast [-Wint-conversion]
      pFrames[iPixelAddr] =  0xaa000000;
                          ^
../src/helloworld.c:301:1: warning: implicit declaration of function 'Xil_DCacheFlushRange' [-Wimplicit-function-declaration]
 Xil_DCacheFlushRange((unsigned int) pFrames, DEMO_MAX_FRAME);
 ^
../src/helloworld.c:329:25: warning: assignment makes pointer from integer without a cast [-Wint-conversion]
     pFrames[iPixelAddr] = Image[(y/8)][(x/8)+4];
                         ^
../src/helloworld.c:138:6: warning: unused variable 'op' [-Wunused-variable]
  u32 op ;
      ^
'Finished building: ../src/helloworld.c'
' '
'Building target: minized_flir.elf'
'Invoking: ARM v7 gcc linker'
arm-none-eabi-gcc -mcpu=cortex-a9 -mfpu=vfpv3 -mfloat-abi=hard -Wl,-build-id=none -specs=Xilinx.spec -Wl,-T -Wl,../src/lscript.ld -L../../standalone_bsp_0/ps7_cortexa9_0/lib -o "minized_flir.elf"  ./src/helloworld.o ./src/platform.o ./src/vdma_api.o   -Wl,--start-group,-lxil,-lgcc,-lc,--end-group
'Finished building target: minized_flir.elf'
' '
'Invoking: ARM v7 Print Size'
arm-none-eabi-size minized_flir.elf  |tee "minized_flir.elf.size"
   text	   data	    bss	    dec	    hex	filename
 111728	   2756	4880144	4994628	 4c3644	minized_flir.elf
'Finished building: minized_flir.elf.size'
' '
