16:41:52 **** Incremental Build of configuration Debug for project minized_flir ****
make pre-build main-build 
a9-linaro-pre-build-step
' '
'Building file: ../src/helloworld.c'
'Invoking: ARM v7 gcc compiler'
arm-none-eabi-gcc -Wall -O0 -g3 -c -fmessage-length=0 -MT"src/helloworld.o" -mcpu=cortex-a9 -mfpu=vfpv3 -mfloat-abi=hard -I../../standalone_bsp_0/ps7_cortexa9_0/include -MMD -MP -MF"src/helloworld.d" -MT"src/helloworld.o" -o "src/helloworld.o" "../src/helloworld.c"
../src/helloworld.c: In function 'IicPsMasterPolledExample':
../src/helloworld.c:296:26: warning: assignment makes pointer from integer without a cast [-Wint-conversion]
      pFrames[iPixelAddr] =  0xaa000000;
                          ^
../src/helloworld.c:301:1: warning: implicit declaration of function 'Xil_DCacheFlushRange' [-Wimplicit-function-declaration]
 Xil_DCacheFlushRange((unsigned int) pFrames, DEMO_MAX_FRAME);
 ^
../src/helloworld.c:329:25: warning: assignment makes pointer from integer without a cast [-Wint-conversion]
     pFrames[iPixelAddr] = Image[(y/8)][(x/8)+4];
                         ^
../src/helloworld.c:138:6: warning: unused variable 'op' [-Wunused-variable]
  u32 op ;
      ^
'Finished building: ../src/helloworld.c'
' '
'Building target: minized_flir.elf'
'Invoking: ARM v7 gcc linker'
arm-none-eabi-gcc -mcpu=cortex-a9 -mfpu=vfpv3 -mfloat-abi=hard -Wl,-build-id=none -specs=Xilinx.spec -Wl,-T -Wl,../src/lscript.ld -L../../standalone_bsp_0/ps7_cortexa9_0/lib -o "minized_flir.elf"  ./src/helloworld.o ./src/platform.o ./src/vdma_api.o   -Wl,--start-group,-lxil,-lgcc,-lc,--end-group
'Finished building target: minized_flir.elf'
' '
'Invoking: ARM v7 Print Size'
arm-none-eabi-size minized_flir.elf  |tee "minized_flir.elf.size"
   text	   data	    bss	    dec	    hex	filename
 111728	   2756	4880144	4994628	 4c3644	minized_flir.elf
'Finished building: minized_flir.elf.size'
' '

16:41:53 Build Finished (took 741ms)

